src/components/AdvancedProductSearch.tsx(7,3): error TS6133: 'FlatList' is declared but its value is never read.
src/components/AdvancedProductSearch.tsx(9,3): error TS6133: 'RefreshControl' is declared but its value is never read.
src/components/AdvancedProductSearch.tsx(13,35): error TS6133: 'Badge' is declared but its value is never read.
src/components/AdvancedProductSearch.tsx(38,9): error TS6133: 'navigation' is declared but its value is never read.
src/components/AdvancedProductSearch.tsx(62,5): error TS6133: 'goToPage' is declared but its value is never read.
src/components/AdvancedProductSearch.tsx(329,13): error TS2322: Type 'import("C:/Users/vantu/Downloads/AcucaradasEncomendas/src/types/Product").Product[]' is not assignable to type 'Product[]'.
  Type 'import("C:/Users/vantu/Downloads/AcucaradasEncomendas/src/types/Product").Product' is not assignable to type 'Product'.
    Types of property 'imagens' are incompatible.
      Type 'string[] | undefined' is not assignable to type 'string[]'.
        Type 'undefined' is not assignable to type 'string[]'.
src/components/AdvancedProductSearch.tsx(331,13): error TS2322: Type 'string | null' is not assignable to type 'string | undefined'.
  Type 'null' is not assignable to type 'string | undefined'.
src/components/AdvancedProductSearch.tsx(337,13): error TS2322: Type '((product: import("C:/Users/vantu/Downloads/AcucaradasEncomendas/src/types/Product").Product) => void) | undefined' is not assignable to type '((product: Product) => void) | undefined'.
  Type '(product: import("C:/Users/vantu/Downloads/AcucaradasEncomendas/src/types/Product").Product) => void' is not assignable to type '(product: Product) => void'.
    Types of parameters 'product' and 'product' are incompatible.
      Property 'dataCriacao' is missing in type 'Product' but required in type 'import("C:/Users/vantu/Downloads/AcucaradasEncomendas/src/types/Product").Product'.
src/components/base/Button.tsx(15,3): error TS6133: 'withTiming' is declared but its value is never read.
src/components/base/Button.tsx(66,34): error TS2339: Property 'colors' does not exist on type 'ThemeContextType'.
src/components/base/Button.tsx(67,30): error TS2339: Property 'colors' does not exist on type 'ThemeContextType'.
src/components/base/Button.tsx(72,30): error TS2339: Property 'colors' does not exist on type 'ThemeContextType'.
src/components/base/Button.tsx(76,34): error TS2339: Property 'colors' does not exist on type 'ThemeContextType'.
src/components/base/Button.tsx(77,30): error TS2339: Property 'colors' does not exist on type 'ThemeContextType'.
src/components/base/Button.tsx(86,34): error TS2339: Property 'spacing' does not exist on type 'ThemeContextType'.
src/components/base/Button.tsx(87,36): error TS2339: Property 'spacing' does not exist on type 'ThemeContextType'.
src/components/base/Button.tsx(92,34): error TS2339: Property 'spacing' does not exist on type 'ThemeContextType'.
src/components/base/Button.tsx(93,36): error TS2339: Property 'spacing' does not exist on type 'ThemeContextType'.
src/components/base/Button.tsx(98,34): error TS2339: Property 'spacing' does not exist on type 'ThemeContextType'.
src/components/base/Button.tsx(99,36): error TS2339: Property 'spacing' does not exist on type 'ThemeContextType'.
src/components/base/Button.tsx(106,32): error TS2339: Property 'colors' does not exist on type 'ThemeContextType'.
src/components/base/Button.tsx(107,45): error TS2339: Property 'colors' does not exist on type 'ThemeContextType'.
src/components/base/Button.tsx(129,17): error TS6133: 'pressed' is declared but its value is never read.
src/components/base/Button.tsx(145,50): error TS2339: Property 'colors' does not exist on type 'ThemeContextType'.
src/components/base/Card.tsx(21,3): error TS6133: 'animationDelay' is declared but its value is never read.
src/components/base/Card.tsx(22,3): error TS6133: 'variant' is declared but its value is never read.
src/components/base/Card.tsx(27,6): error TS2604: JSX element type 'CardContainer' does not have any construct or call signatures.
src/components/base/Input.tsx(40,28): error TS2339: Property 'colors' does not exist on type 'ThemeContextType'.
src/components/base/Input.tsx(52,36): error TS2339: Property 'colors' does not exist on type 'ThemeContextType'.
src/components/base/Input.tsx(53,26): error TS2339: Property 'colors' does not exist on type 'ThemeContextType'.
src/components/base/Input.tsx(54,40): error TS2339: Property 'colors' does not exist on type 'ThemeContextType'.
src/components/base/Input.tsx(54,61): error TS2339: Property 'colors' does not exist on type 'ThemeContextType'.
src/components/base/Input.tsx(58,37): error TS2339: Property 'colors' does not exist on type 'ThemeContextType'.
src/components/base/Input.tsx(66,28): error TS2339: Property 'colors' does not exist on type 'ThemeContextType'.
src/components/base/Modal.tsx(41,38): error TS2339: Property 'colors' does not exist on type 'ThemeContextType'.
src/components/base/Modal.tsx(52,34): error TS2339: Property 'colors' does not exist on type 'ThemeContextType'.
src/components/base/Modal.tsx(65,34): error TS2339: Property 'colors' does not exist on type 'ThemeContextType'.
src/components/base/SkeletonLoading.tsx(2,46): error TS6133: 'Dimensions' is declared but its value is never read.
src/components/base/SkeletonLoading.tsx(34,5): error TS2322: Type '(string | number)[]' is not assignable to type 'string[] | number[]'.
  Type '(string | number)[]' is not assignable to type 'string[]'.
    Type 'string | number' is not assignable to type 'string'.
      Type 'number' is not assignable to type 'string'.
src/components/charts/SalesChart.tsx(59,3): error TS2322: Type 'null' is not assignable to type 'string'.
src/components/charts/SalesChart.tsx(153,41): error TS18048: 'customColors.length' is possibly 'undefined'.
src/components/DeliveryTracker.tsx(35,3): error TS6133: 'orderId' is declared but its value is never read.
src/components/DeliveryTracker.tsx(36,3): error TS6133: 'deliveryPersonId' is declared but its value is never read.
src/components/DeliveryTracker.tsx(46,21): error TS6133: 'setMapRegion' is declared but its value is never read.
src/components/DynamicWatermark.tsx(40,46): error TS2339: Property 'updateInterval' does not exist on type 'WatermarkConfig'.
src/components/DynamicWatermark.tsx(44,45): error TS2339: Property 'enableLogging' does not exist on type 'WatermarkConfig'.
src/components/DynamicWatermark.tsx(47,10): error TS6133: 'timestamp' is declared but its value is never read.
src/components/EnhancedImage.tsx(16,22): error TS7016: Could not find a declaration file for module 'crypto-js'. 'C:/Users/vantu/Downloads/AcucaradasEncomendas/node_modules/crypto-js/index.js' implicitly has an 'any' type.
  Try `npm i --save-dev @types/crypto-js` if it exists or add a new declaration (.d.ts) file containing `declare module 'crypto-js';`
src/components/ErrorBoundary/ErrorBoundary.tsx(314,43): error TS6133: 'errorInfo' is declared but its value is never read.
src/components/FeedbackEffects.tsx(106,13): error TS7030: Not all code paths return a value.
src/components/FeedbackEffects.tsx(159,17): error TS2322: Type 'string' is not assignable to type '"location" | "options" | "link" | "document" | "text" | "body" | "push" | "notifications" | "map" | "filter" | "at" | "card" | "code" | "warning" | "alert" | "open" | "close" | "search" | ... 3663 more ... | undefined'.
src/components/FeedbackEffects.tsx(171,3): error TS6133: 'textStyle' is declared but its value is never read.
src/components/LoadingIndicator.tsx(44,27): error TS2339: Property 'colors' does not exist on type 'ThemeContextType'.
src/components/monitoring/RealTimeMonitoringDashboard.tsx(52,9): error TS6133: 'wsRef' is declared but its value is never read.
src/components/monitoring/RealTimeMonitoringDashboard.tsx(58,28): error TS7030: Not all code paths return a value.
src/components/NotificationBell.tsx(5,8): error TS2613: Module '"C:/Users/vantu/Downloads/AcucaradasEncomendas/src/services/NotificationService"' has no default export. Did you mean to use 'import { NotificationService } from "C:/Users/vantu/Downloads/AcucaradasEncomendas/src/services/NotificationService"' instead?
src/components/NotificationBell.tsx(28,84): error TS6133: 'notification' is declared but its value is never read.
src/components/OptimizedImage.tsx(5,22): error TS7016: Could not find a declaration file for module 'crypto-js'. 'C:/Users/vantu/Downloads/AcucaradasEncomendas/node_modules/crypto-js/index.js' implicitly has an 'any' type.
  Try `npm i --save-dev @types/crypto-js` if it exists or add a new declaration (.d.ts) file containing `declare module 'crypto-js';`
src/components/OptimizedImage.tsx(26,5): error TS6133: 'priority' is declared but its value is never read.
src/components/OptimizedImage.tsx(78,21): error TS6133: 'progress' is declared but its value is never read.
src/components/OptimizedImage.tsx(84,19): error TS2339: Property 'uri' does not exist on type 'FileSystemDownloadResult | undefined'.
src/components/OptimizedList.tsx(42,3): error TS6133: 'estimatedItemSize' is declared but its value is never read.
src/components/OptimizedList.tsx(57,9): error TS6133: 'isItemVisible' is declared but its value is never read.
src/components/OptimizedList.tsx(82,8): error TS6133: 'data' is declared but its value is never read.
src/components/OptimizedList.tsx(88,10): error TS6133: 'data' is declared but its value is never read.
src/components/OptimizedList.tsx(152,7): error TS2769: No overload matches this call.
  Overload 1 of 2, '(props: FlatListProps<T>): FlatList<T>', gave the following error.
    Type '((data: T[] | null, index: number) => { length: number; offset: number; index: number; }) | undefined' is not assignable to type '((data: ArrayLike<T> | null | undefined, index: number) => { length: number; offset: number; index: number; }) | undefined'.
      Type '(data: T[] | null, index: number) => { length: number; offset: number; index: number; }' is not assignable to type '(data: ArrayLike<T> | null | undefined, index: number) => { length: number; offset: number; index: number; }'.
        Types of parameters 'data' and 'data' are incompatible.
          Type 'ArrayLike<T> | null | undefined' is not assignable to type 'T[] | null'.
            Type 'undefined' is not assignable to type 'T[] | null'.
  Overload 2 of 2, '(props: FlatListProps<T>, context: any): FlatList<T>', gave the following error.
    Type '((data: T[] | null, index: number) => { length: number; offset: number; index: number; }) | undefined' is not assignable to type '((data: ArrayLike<T> | null | undefined, index: number) => { length: number; offset: number; index: number; }) | undefined'.
      Type '(data: T[] | null, index: number) => { length: number; offset: number; index: number; }' is not assignable to type '(data: ArrayLike<T> | null | undefined, index: number) => { length: number; offset: number; index: number; }'.
        Types of parameters 'data' and 'data' are incompatible.
          Type 'ArrayLike<T> | null | undefined' is not assignable to type 'T[] | null'.
            Type 'undefined' is not assignable to type 'T[] | null'.
src/components/OrderCard.tsx(9,3): error TS6133: 'withSpring' is declared but its value is never read.
src/components/OrderCard.tsx(11,3): error TS6133: 'withDelay' is declared but its value is never read.
src/components/OrderCard.tsx(13,3): error TS6133: 'Easing' is declared but its value is never read.
src/components/OrderCard.tsx(78,65): error TS2339: Property 'total' does not exist on type 'Order'.
src/components/PaymentSummary.tsx(14,3): error TS6133: 'paymentMethod' is declared but its value is never read.
src/components/ProductGrid.tsx(16,1): error TS6133: 'ProductCategories' is declared but its value is never read.
src/components/ProductGrid.tsx(140,35): error TS2345: Argument of type '[string, { product: Product; }]' is not assignable to parameter of type 'never'.
src/components/ProductRecommendations.tsx(33,9): error TS6133: 'theme' is declared but its value is never read.
src/components/ProductRecommendations.tsx(107,24): error TS18048: 'item.imagens' is possibly 'undefined'.
src/components/ProductSocialActions.tsx(3,38): error TS6133: 'Badge' is declared but its value is never read.
src/components/ReviewForm.tsx(142,13): error TS2322: Type '{ title: string; onPress: () => void; disabled: boolean; variant: "primary" | "outline"; onPressIn: () => void; onPressOut: () => void; style: { width: "100%"; }; }' is not assignable to type 'IntrinsicAttributes & ButtonProps'.
  Property 'onPressIn' does not exist on type 'IntrinsicAttributes & ButtonProps'. Did you mean 'onPress'?
src/components/ReviewList.tsx(13,3): error TS6133: 'withSpring' is declared but its value is never read.
src/components/ReviewList.tsx(14,3): error TS6133: 'withDelay' is declared but its value is never read.
src/components/ReviewList.tsx(19,3): error TS6133: 'StretchInY' is declared but its value is never read.
src/components/ReviewList.tsx(20,3): error TS6133: 'RotateInDownLeft' is declared but its value is never read.
src/components/ReviewList.tsx(25,14): error TS6133: 'hp' is declared but its value is never read.
src/components/ReviewList.tsx(215,19): error TS2345: Argument of type '{ factory: () => EasingFunction; }' is not assignable to parameter of type 'EasingFunction'.
  Type '{ factory: () => EasingFunction; }' provides no match for the signature '(value: number): number'.
src/components/ReviewList.tsx(219,19): error TS2345: Argument of type '{ factory: () => EasingFunction; }' is not assignable to parameter of type 'EasingFunction'.
  Type '{ factory: () => EasingFunction; }' provides no match for the signature '(value: number): number'.
src/components/ReviewList.tsx(225,19): error TS2345: Argument of type '{ factory: () => EasingFunction; }' is not assignable to parameter of type 'EasingFunction'.
  Type '{ factory: () => EasingFunction; }' provides no match for the signature '(value: number): number'.
src/components/ReviewList.tsx(258,9): error TS2769: No overload matches this call.
  Overload 1 of 2, '(props: FlatListProps<Review>): FlatList<Review>', gave the following error.
    Type '{ data: Review[]; renderItem: ({ item, index }: ListRenderItemInfo<Review>) => Element; keyExtractor: (item: Review) => string; showsVerticalScrollIndicator: false; contentContainerStyle: { ...; }; removeClippedSubviews: false; itemLayoutAnimation: ComplexAnimationBuilder; }' is not assignable to type 'IntrinsicAttributes & IntrinsicClassAttributes<FlatList<Review>> & Readonly<FlatListProps<Review>>'.
      Property 'itemLayoutAnimation' does not exist on type 'IntrinsicAttributes & IntrinsicClassAttributes<FlatList<Review>> & Readonly<FlatListProps<Review>>'.
  Overload 2 of 2, '(props: FlatListProps<Review>, context: any): FlatList<Review>', gave the following error.
    Type '{ data: Review[]; renderItem: ({ item, index }: ListRenderItemInfo<Review>) => Element; keyExtractor: (item: Review) => string; showsVerticalScrollIndicator: false; contentContainerStyle: { ...; }; removeClippedSubviews: false; itemLayoutAnimation: ComplexAnimationBuilder; }' is not assignable to type 'IntrinsicAttributes & IntrinsicClassAttributes<FlatList<Review>> & Readonly<FlatListProps<Review>>'.
      Property 'itemLayoutAnimation' does not exist on type 'IntrinsicAttributes & IntrinsicClassAttributes<FlatList<Review>> & Readonly<FlatListProps<Review>>'.
src/components/ReviewSummary.tsx(236,9): error TS6133: 'countAnimatedStyle' is declared but its value is never read.
src/components/ReviewSummary.tsx(272,11): error TS2559: Type 'any[]' has no properties in common with type 'ViewStyle'.
src/components/SkeletonLoader.tsx(86,9): error TS2769: No overload matches this call.
  Overload 1 of 2, '(props: ViewProps): View', gave the following error.
    Type '{ width: string | number; height: string | number; borderRadius: number; backgroundColor: string; }' is not assignable to type 'ViewStyle | Falsy | RegisteredStyle<ViewStyle> | RecursiveArray<ViewStyle | Falsy | RegisteredStyle<ViewStyle>> | readonly (ViewStyle | ... 1 more ... | RegisteredStyle<...>)[]'.
      Types of property 'width' are incompatible.
        Type 'string | number' is not assignable to type 'DimensionValue | undefined'.
          Type 'string' is not assignable to type 'DimensionValue | undefined'.
  Overload 2 of 2, '(props: ViewProps, context: any): View', gave the following error.
    Type '{ width: string | number; height: string | number; borderRadius: number; backgroundColor: string; }' is not assignable to type 'ViewStyle | Falsy | RegisteredStyle<ViewStyle> | RecursiveArray<ViewStyle | Falsy | RegisteredStyle<ViewStyle>> | readonly (ViewStyle | ... 1 more ... | RegisteredStyle<...>)[]'.
      Types of property 'width' are incompatible.
        Type 'string | number' is not assignable to type 'DimensionValue | undefined'.
          Type 'string' is not assignable to type 'DimensionValue | undefined'.
src/components/SkeletonLoader.tsx(122,39): error TS2769: No overload matches this call.
  Overload 1 of 2, '(props: ViewProps): View', gave the following error.
    Type '{ width: string | number; height: string | number; }' is not assignable to type 'ViewStyle | Falsy | RegisteredStyle<ViewStyle> | RecursiveArray<ViewStyle | Falsy | RegisteredStyle<ViewStyle>> | readonly (ViewStyle | ... 1 more ... | RegisteredStyle<...>)[]'.
      Types of property 'width' are incompatible.
        Type 'string | number' is not assignable to type 'DimensionValue | undefined'.
          Type 'string' is not assignable to type 'DimensionValue | undefined'.
  Overload 2 of 2, '(props: ViewProps, context: any): View', gave the following error.
    Type '{ width: string | number; height: string | number; }' is not assignable to type 'ViewStyle | Falsy | RegisteredStyle<ViewStyle> | RecursiveArray<ViewStyle | Falsy | RegisteredStyle<ViewStyle>> | readonly (ViewStyle | ... 1 more ... | RegisteredStyle<...>)[]'.
      Types of property 'width' are incompatible.
        Type 'string | number' is not assignable to type 'DimensionValue | undefined'.
          Type 'string' is not assignable to type 'DimensionValue | undefined'.
src/components/SocialAuthButtons.tsx(22,11): error TS2339: Property 'signInWithGoogle' does not exist on type 'AuthContextData'.
src/components/SocialAuthButtons.tsx(22,29): error TS2339: Property 'signInWithFacebook' does not exist on type 'AuthContextData'.
src/components/SocialAuthButtons.tsx(22,49): error TS2339: Property 'signInWithApple' does not exist on type 'AuthContextData'.
src/components/SocialAuthButtons.tsx(22,66): error TS2339: Property 'is2FAEnabled' does not exist on type 'AuthContextData'.
src/components/StarRating.tsx(12,14): error TS6133: 'fontSize' is declared but its value is never read.
src/components/StoreLocationButton.tsx(24,7): error TS2345: Argument of type '[never, never]' is not assignable to parameter of type 'never'.
src/components/StoreLocator.tsx(27,5): error TS6133: 'isLoadingLocation' is declared but its value is never read.
src/components/StripeProvider.tsx(11,25): error TS2322: Type '{ children: ReactNode; publishableKey: string; }' is not assignable to type 'IntrinsicAttributes & { children: ReactNode; }'.
  Property 'publishableKey' does not exist on type 'IntrinsicAttributes & { children: ReactNode; }'.
src/components/UIEnhancements.tsx(2,35): error TS6133: 'StyleSheet' is declared but its value is never read.
src/components/UIEnhancements.tsx(3,1): error TS6133: 'useFonts' is declared but its value is never read.
src/components/UIEnhancements.tsx(6,16): error TS2304: Cannot find name 'styles'.
src/components/UIEnhancements.tsx(11,30): error TS7031: Binding element 'children' implicitly has an 'any' type.
src/components/VoiceSearch.tsx(9,3): error TS6133: 'ActivityIndicator' is declared but its value is never read.
src/components/VoiceSearch.tsx(10,3): error TS6133: 'Alert' is declared but its value is never read.
src/components/VoiceSearch.tsx(62,10): error TS6133: 'availableLanguages' is declared but its value is never read.
src/components/VoiceSearch.tsx(200,21): error TS2538: Type 'undefined' cannot be used as an index type.
src/config/firebase.ts(2,10): error TS2305: Module '"firebase/auth"' has no exported member 'getAuth'.
src/config/firebase.ts(66,13): error TS7006: Parameter 'supported' implicitly has an 'any' type.
src/config/firebase.ts(74,14): error TS7006: Parameter 'error' implicitly has an 'any' type.
src/config/notifications.ts(3,1): error TS6133: 'Platform' is declared but its value is never read.
src/config/notifications.ts(4,1): error TS6133: 'app' is declared but its value is never read.
src/config/notifications.ts(56,22): error TS2339: Property 'experienceId' does not exist on type 'ExpoPushTokenOptions'.
src/config/onesignal.ts(2,1): error TS6133: 'Constants' is declared but its value is never read.
src/config/onesignal.ts(57,17): error TS2551: Property 'setLogLevel' does not exist on type 'typeof import("C:/Users/vantu/Downloads/AcucaradasEncomendas/node_modules/react-native-onesignal/dist/index")'. Did you mean 'LogLevel'?
src/config/onesignal.ts(59,17): error TS2551: Property 'setLogLevel' does not exist on type 'typeof import("C:/Users/vantu/Downloads/AcucaradasEncomendas/node_modules/react-native-onesignal/dist/index")'. Did you mean 'LogLevel'?
src/config/onesignal.ts(63,15): error TS2339: Property 'setAppId' does not exist on type 'typeof import("C:/Users/vantu/Downloads/AcucaradasEncomendas/node_modules/react-native-onesignal/dist/index")'.
src/config/onesignal.ts(66,15): error TS2339: Property 'setInAppMessageClickHandler' does not exist on type 'typeof import("C:/Users/vantu/Downloads/AcucaradasEncomendas/node_modules/react-native-onesignal/dist/index")'.
src/config/onesignal.ts(66,43): error TS7006: Parameter 'event' implicitly has an 'any' type.
src/config/onesignal.ts(71,15): error TS2339: Property 'setNotificationWillShowInForegroundHandler' does not exist on type 'typeof import("C:/Users/vantu/Downloads/AcucaradasEncomendas/node_modules/react-native-onesignal/dist/index")'.
src/config/onesignal.ts(71,58): error TS7006: Parameter 'notificationReceivedEvent' implicitly has an 'any' type.
src/config/onesignal.ts(78,15): error TS2339: Property 'setNotificationOpenedHandler' does not exist on type 'typeof import("C:/Users/vantu/Downloads/AcucaradasEncomendas/node_modules/react-native-onesignal/dist/index")'.
src/config/onesignal.ts(78,44): error TS7006: Parameter 'openedEvent' implicitly has an 'any' type.
src/config/onesignal.ts(80,13): error TS6198: All destructured elements are unused.
src/config/onesignal.ts(108,41): error TS2339: Property 'getDeviceState' does not exist on type 'typeof import("C:/Users/vantu/Downloads/AcucaradasEncomendas/node_modules/react-native-onesignal/dist/index")'.
src/config/onesignal.ts(116,15): error TS2339: Property 'promptForPushNotificationsWithUserResponse' does not exist on type 'typeof import("C:/Users/vantu/Downloads/AcucaradasEncomendas/node_modules/react-native-onesignal/dist/index")'.
src/config/onesignal.ts(116,58): error TS7006: Parameter 'response' implicitly has an 'any' type.
src/config/onesignal.ts(133,41): error TS2339: Property 'getDeviceState' does not exist on type 'typeof import("C:/Users/vantu/Downloads/AcucaradasEncomendas/node_modules/react-native-onesignal/dist/index")'.
src/config/onesignal.ts(147,21): error TS2339: Property 'sendTags' does not exist on type 'typeof import("C:/Users/vantu/Downloads/AcucaradasEncomendas/node_modules/react-native-onesignal/dist/index")'.
src/config/onesignal.ts(162,21): error TS2339: Property 'deleteTags' does not exist on type 'typeof import("C:/Users/vantu/Downloads/AcucaradasEncomendas/node_modules/react-native-onesignal/dist/index")'.
src/config/onesignal.ts(308,13): error TS2339: Property 'setExternalUserId' does not exist on type 'typeof import("C:/Users/vantu/Downloads/AcucaradasEncomendas/node_modules/react-native-onesignal/dist/index")'.
src/config/sentry.ts(1,1): error TS6133: 'Constants' is declared but its value is never read.
src/config/sentry.ts(2,1): error TS6133: 'Platform' is declared but its value is never read.
src/config/sentry.ts(13,49): error TS6133: 'level' is declared but its value is never read.
src/config/sentry.ts(17,34): error TS6133: 'name' is declared but its value is never read.
src/config/sentry.ts(17,48): error TS6133: 'op' is declared but its value is never read.
src/contexts/AuthContext.tsx(2,10): error TS6133: 'auth' is declared but its value is never read.
src/contexts/AuthContext.tsx(35,10): error TS6133: 'isDeviceSecure' is declared but its value is never read.
src/contexts/AuthContext.tsx(356,50): error TS2345: Argument of type '{ updatedAt: Date; id?: string | undefined; nome?: string | undefined; email?: string | undefined; telefone?: string | undefined; cpf?: string | undefined; endereco?: Address[] | undefined; dataCriacao?: Date | undefined; ultimoLogin?: Date | undefined; isAdmin?: boolean | undefined; perfil?: { fotoPerfil?: string; ...' is not assignable to parameter of type 'Partial<DocumentData>'.
  Property 'endereco' is incompatible with index signature.
    Type 'Address[]' is not assignable to type 'string | number | boolean | Date | DocumentData | DocumentData[] | (string | number | boolean | null)[] | FieldValue | null | undefined'.
      Type 'Address[]' is not assignable to type 'DocumentData[]'.
        Type 'Address' is not assignable to type 'DocumentData'.
          Index signature for type 'string' is missing in type 'Address'.
src/contexts/LocationContext.tsx(10,1): error TS6133: 'secureLoggingService' is declared but its value is never read.
src/controllers/StripeController.ts(12,7): error TS2322: Type '"2025-12-15.clover"' is not assignable to type '"2026-02-25.clover"'.
src/examples/DeliveryRouteExample.ts(238,14): error TS18046: 'error' is of type 'unknown'.
src/hooks/useAdvancedSearch.ts(20,48): error TS2339: Property 'recordCacheMiss' does not exist on type 'UseSearchMonitoringReturn'.
src/hooks/useAdvancedSearch.ts(60,15): error TS6133: 'cacheKey' is declared but its value is never read.
src/hooks/useAdvancedSearch.ts(64,11): error TS2554: Expected 1 arguments, but got 0.
src/hooks/useAdvancedSearch.ts(65,35): error TS2339: Property 'produtos' does not exist on type 'never'.
src/hooks/useAdvancedSearch.ts(66,39): error TS2339: Property 'sugestoes' does not exist on type 'never'.
src/hooks/useAdvancedSearch.ts(67,40): error TS2339: Property 'total' does not exist on type 'never'.
src/hooks/useAdvancedSearch.ts(68,38): error TS2339: Property 'paginas' does not exist on type 'never'.
src/hooks/useAdvancedSearch.ts(69,11): error TS2554: Expected 2 arguments, but got 1.
src/hooks/useAdvancedSearch.ts(84,9): error TS2554: Expected 2 arguments, but got 1.
src/hooks/useAnimation.ts(39,28): error TS2339: Property 'debug' does not exist on type 'LoggingService'.
src/hooks/useAnimation.ts(52,24): error TS2339: Property 'debug' does not exist on type 'LoggingService'.
src/hooks/useAnimation.ts(64,24): error TS2339: Property 'debug' does not exist on type 'LoggingService'.
src/hooks/useAnimation.ts(79,24): error TS2339: Property 'debug' does not exist on type 'LoggingService'.
src/hooks/useAnimation.ts(94,24): error TS2339: Property 'debug' does not exist on type 'LoggingService'.
src/hooks/useAnimation.ts(109,24): error TS2339: Property 'debug' does not exist on type 'LoggingService'.
src/hooks/useAnimation.ts(124,24): error TS2339: Property 'debug' does not exist on type 'LoggingService'.
src/hooks/useAnimation.ts(134,20): error TS2339: Property 'debug' does not exist on type 'LoggingService'.
src/hooks/useAuth.ts(3,3): error TS2305: Module '"firebase/auth"' has no exported member 'getAuth'.
src/hooks/useAuth.ts(7,3): error TS2305: Module '"firebase/auth"' has no exported member 'onAuthStateChanged'.
src/hooks/useAuth.ts(9,3): error TS2305: Module '"firebase/auth"' has no exported member 'GoogleAuthProvider'.
src/hooks/useAuth.ts(10,3): error TS2305: Module '"firebase/auth"' has no exported member 'FacebookAuthProvider'.
src/hooks/useAuth.ts(66,56): error TS7006: Parameter 'user' implicitly has an 'any' type.
src/hooks/useAuth.ts(130,25): error TS18046: 'err' is of type 'unknown'.
src/hooks/useAuth.ts(131,22): error TS18046: 'err' is of type 'unknown'.
src/hooks/useAuth.ts(160,25): error TS18046: 'err' is of type 'unknown'.
src/hooks/useAuth.ts(161,22): error TS18046: 'err' is of type 'unknown'.
src/hooks/useAuth.ts(189,25): error TS18046: 'err' is of type 'unknown'.
src/hooks/useAuth.ts(190,22): error TS18046: 'err' is of type 'unknown'.
src/hooks/useAuth.ts(241,23): error TS18046: 'err' is of type 'unknown'.
src/hooks/useAuth.ts(242,20): error TS18046: 'err' is of type 'unknown'.
src/hooks/useAuth.ts(288,23): error TS18046: 'err' is of type 'unknown'.
src/hooks/useAuth.ts(289,20): error TS18046: 'err' is of type 'unknown'.
src/hooks/useAuth.ts(326,23): error TS18046: 'err' is of type 'unknown'.
src/hooks/useAuth.ts(327,20): error TS18046: 'err' is of type 'unknown'.
src/hooks/useAuth.ts(355,23): error TS18046: 'err' is of type 'unknown'.
src/hooks/useAuth.ts(356,20): error TS18046: 'err' is of type 'unknown'.
src/hooks/useAuth.ts(384,23): error TS18046: 'err' is of type 'unknown'.
src/hooks/useAuth.ts(385,20): error TS18046: 'err' is of type 'unknown'.
src/hooks/useAuth.ts(417,23): error TS18046: 'err' is of type 'unknown'.
src/hooks/useAuth.ts(418,20): error TS18046: 'err' is of type 'unknown'.
src/hooks/useAuth.ts(444,23): error TS18046: 'err' is of type 'unknown'.
src/hooks/useAuth.ts(445,20): error TS18046: 'err' is of type 'unknown'.
src/hooks/useAuth.ts(472,23): error TS18046: 'err' is of type 'unknown'.
src/hooks/useAuth.ts(473,20): error TS18046: 'err' is of type 'unknown'.
src/hooks/useDebounce.ts(11,24): error TS2339: Property 'debug' does not exist on type 'LoggingService'.
src/hooks/useDebounce.ts(17,26): error TS2339: Property 'debug' does not exist on type 'LoggingService'.
src/hooks/useImageAnimation.ts(67,13): error TS2322: Type 'number | undefined' is not assignable to type 'number | Value | ValueXY | { x: number; y: number; } | AnimatedInterpolation<number>'.
  Type 'undefined' is not assignable to type 'number | Value | ValueXY | { x: number; y: number; } | AnimatedInterpolation<number>'.
src/hooks/useImageAnimation.ts(71,13): error TS2322: Type 'boolean | undefined' is not assignable to type 'boolean'.
  Type 'undefined' is not assignable to type 'boolean'.
src/hooks/useImageAnimation.ts(74,13): error TS2322: Type 'number | undefined' is not assignable to type 'number | Value | ValueXY | { x: number; y: number; } | AnimatedInterpolation<number>'.
  Type 'undefined' is not assignable to type 'number | Value | ValueXY | { x: number; y: number; } | AnimatedInterpolation<number>'.
src/hooks/useImageAnimation.ts(78,13): error TS2322: Type 'boolean | undefined' is not assignable to type 'boolean'.
  Type 'undefined' is not assignable to type 'boolean'.
src/hooks/useImageAnimation.ts(81,13): error TS2322: Type 'number | undefined' is not assignable to type 'number | Value | ValueXY | { x: number; y: number; } | AnimatedInterpolation<number>'.
  Type 'undefined' is not assignable to type 'number | Value | ValueXY | { x: number; y: number; } | AnimatedInterpolation<number>'.
src/hooks/useImageAnimation.ts(85,13): error TS2322: Type 'boolean | undefined' is not assignable to type 'boolean'.
  Type 'undefined' is not assignable to type 'boolean'.
src/hooks/useImageAnimation.ts(88,13): error TS2322: Type 'number | undefined' is not assignable to type 'number | Value | ValueXY | { x: number; y: number; } | AnimatedInterpolation<number>'.
  Type 'undefined' is not assignable to type 'number | Value | ValueXY | { x: number; y: number; } | AnimatedInterpolation<number>'.
src/hooks/useImageAnimation.ts(92,13): error TS2322: Type 'boolean | undefined' is not assignable to type 'boolean'.
  Type 'undefined' is not assignable to type 'boolean'.
src/hooks/useImageAnimation.ts(95,13): error TS2322: Type 'number | undefined' is not assignable to type 'number | Value | ValueXY | { x: number; y: number; } | AnimatedInterpolation<number>'.
  Type 'undefined' is not assignable to type 'number | Value | ValueXY | { x: number; y: number; } | AnimatedInterpolation<number>'.
src/hooks/useImageAnimation.ts(99,13): error TS2322: Type 'boolean | undefined' is not assignable to type 'boolean'.
  Type 'undefined' is not assignable to type 'boolean'.
src/hooks/useImageCache.ts(115,73): error TS2345: Argument of type 'number | undefined' is not assignable to parameter of type 'number'.
  Type 'undefined' is not assignable to type 'number'.
src/hooks/useImageCache.ts(122,13): error TS2367: This comparison appears to be unintentional because the types 'boolean' and 'number' have no overlap.
src/hooks/useImageCache.ts(154,42): error TS2345: Argument of type 'number | undefined' is not assignable to parameter of type 'number'.
  Type 'undefined' is not assignable to type 'number'.
src/hooks/useImageDownload.ts(66,26): error TS2339: Property 'debug' does not exist on type 'LoggingService'.
src/hooks/useImageDownload.ts(78,17): error TS2339: Property 'uri' does not exist on type 'FileSystemDownloadResult | undefined'.
src/hooks/useImageFilters.ts(22,7): error TS6133: 'DEFAULT_FILTERS' is declared but its value is never read.
src/hooks/useImageMetadata.ts(52,28): error TS2339: Property 'creationTime' does not exist on type '{ exists: true; uri: string; size: number; isDirectory: boolean; modificationTime: number; md5?: string | undefined; }'.
src/hooks/useImageUpload.ts(56,23): error TS18048: 'finalOptions.maxSize' is possibly 'undefined'.
src/hooks/useImageUpload.ts(64,61): error TS2345: Argument of type 'number | undefined' is not assignable to parameter of type 'number'.
  Type 'undefined' is not assignable to type 'number'.
src/hooks/useImageUpload.ts(113,36): error TS18048: 'result' is possibly 'undefined'.
src/hooks/useImageUpload.ts(113,43): error TS2339: Property 'uri' does not exist on type 'FileSystemUploadResult'.
src/hooks/useImageUpload.ts(183,50): error TS6133: 'quality' is declared but its value is never read.
src/hooks/useNotificationSettings.ts(6,1): error TS6133: 'secureLoggingService' is declared but its value is never read.
src/hooks/useNotificationSettings.ts(56,90): error TS2339: Property 'uid' does not exist on type 'User'.
src/hooks/useNotificationSettings.ts(60,94): error TS2339: Property 'uid' does not exist on type 'User'.
src/hooks/useNotificationSettings.ts(68,7): error TS2304: Cannot find name 'loggingService'.
src/hooks/useNotificationSettings.ts(86,72): error TS2339: Property 'uid' does not exist on type 'User'.
src/hooks/useNotificationSettings.ts(92,9): error TS2304: Cannot find name 'loggingService'.
src/hooks/useNotificationSettings.ts(112,80): error TS2339: Property 'uid' does not exist on type 'User'.
src/hooks/useNotificationSettings.ts(118,9): error TS2304: Cannot find name 'loggingService'.
src/hooks/useNotificationSettings.ts(138,74): error TS2339: Property 'uid' does not exist on type 'User'.
src/hooks/useNotificationSettings.ts(143,9): error TS2304: Cannot find name 'loggingService'.
src/hooks/useNotificationSettings.ts(163,78): error TS2339: Property 'uid' does not exist on type 'User'.
src/hooks/useNotificationSettings.ts(169,9): error TS2304: Cannot find name 'loggingService'.
src/hooks/useNotificationSettings.ts(189,73): error TS2339: Property 'uid' does not exist on type 'User'.
src/hooks/useNotificationSettings.ts(195,9): error TS2304: Cannot find name 'loggingService'.
src/hooks/useNotificationSettings.ts(216,66): error TS2339: Property 'uid' does not exist on type 'User'.
src/hooks/useNotificationSettings.ts(222,7): error TS2304: Cannot find name 'loggingService'.
src/hooks/useNotificationSettingsV2.ts(61,92): error TS2339: Property 'uid' does not exist on type 'User'.
src/hooks/useNotificationSettingsV2.ts(65,96): error TS2339: Property 'uid' does not exist on type 'User'.
src/hooks/useNotificationSettingsV2.ts(91,74): error TS2339: Property 'uid' does not exist on type 'User'.
src/hooks/useNotificationSettingsV2.ts(146,82): error TS2339: Property 'uid' does not exist on type 'User'.
src/hooks/useNotificationSettingsV2.ts(187,76): error TS2339: Property 'uid' does not exist on type 'User'.
src/hooks/useNotificationSettingsV2.ts(234,80): error TS2339: Property 'uid' does not exist on type 'User'.
src/hooks/useNotificationSettingsV2.ts(272,75): error TS2339: Property 'uid' does not exist on type 'User'.
src/hooks/useNotificationSettingsV2.ts(310,74): error TS2339: Property 'uid' does not exist on type 'User'.
src/hooks/useNotificationSettingsV2.ts(338,68): error TS2339: Property 'uid' does not exist on type 'User'.
src/hooks/useOptimizedGlobalState.tsx(1,56): error TS6133: 'useCallback' is declared but its value is never read.
src/hooks/useOrderDetails.ts(16,33): error TS2339: Property 'orderId' does not exist on type 'object'.
src/hooks/useOrderDetails.ts(25,44): error TS2339: Property 'getOrderById' does not exist on type 'typeof OrderService'.
src/hooks/useOrderDetails.ts(47,28): error TS2339: Property 'updateOrderStatus' does not exist on type 'typeof OrderService'.
src/hooks/usePermissions.ts(31,26): error TS2339: Property 'id' does not exist on type 'User'.
src/hooks/usePermissions.ts(40,64): error TS2339: Property 'id' does not exist on type 'User'.
src/hooks/usePermissions.ts(44,72): error TS2339: Property 'id' does not exist on type 'User'.
src/hooks/usePermissions.ts(47,31): error TS2532: Object is possibly 'undefined'.
src/hooks/usePermissions.ts(69,26): error TS2339: Property 'id' does not exist on type 'User'.
src/hooks/usePermissions.ts(78,26): error TS2339: Property 'id' does not exist on type 'User'.
src/hooks/usePermissions.ts(93,24): error TS2339: Property 'id' does not exist on type 'User'.
src/hooks/usePermissions.ts(97,62): error TS2339: Property 'id' does not exist on type 'User'.
src/hooks/usePermissions.ts(101,70): error TS2339: Property 'id' does not exist on type 'User'.
src/hooks/usePermissions.ts(104,29): error TS2532: Object is possibly 'undefined'.
src/hooks/usePrevious.ts(9,20): error TS2339: Property 'debug' does not exist on type 'LoggingService'.
src/hooks/useSearchMonitoring.ts(7,37): error TS6133: 'AlertLevel' is declared but its value is never read.
src/hooks/useShare.ts(77,15): error TS6133: 'result' is declared but its value is never read.
src/hooks/useShare.ts(115,15): error TS6133: 'result' is declared but its value is never read.
src/hooks/useShare.ts(149,15): error TS6133: 'result' is declared but its value is never read.
src/hooks/useShare.ts(178,13): error TS6133: 'result' is declared but its value is never read.
src/hooks/useShare.ts(179,9): error TS2353: Object literal may only specify known properties, and 'showTitleRecipient' does not exist in type 'WebBrowserOpenOptions'.
src/monitoring/SecurityMonitoring.ts(7,1): error TS6133: 'securityConfig' is declared but its value is never read.
src/screens/AddEditProductScreen.tsx(132,60): error TS2554: Expected 0 arguments, but got 1.
src/screens/AddProductScreen.tsx(35,13): error TS2339: Property 'role' does not exist on type 'User'.
src/screens/AddProductScreen.tsx(35,39): error TS2339: Property 'role' does not exist on type 'User'.
src/screens/AddProductScreen.tsx(40,9): error TS2322: Type '{ message: string; onRetry: () => void; retryLabel: string; }' is not assignable to type 'IntrinsicAttributes & ErrorMessageProps'.
  Property 'retryLabel' does not exist on type 'IntrinsicAttributes & ErrorMessageProps'.
src/screens/AddressFormScreen.tsx(7,1): error TS6133: 'LoadingState' is declared but its value is never read.
src/screens/AddressFormScreen.tsx(18,9): error TS6133: 'theme' is declared but its value is never read.
src/screens/AddressScreen.tsx(42,25): error TS2769: No overload matches this call.
  Argument of type '[string]' is not assignable to parameter of type 'never'.
  Overload 2 of 2, '(options: never): void', gave the following error.
    Argument of type '"AddressForm"' is not assignable to parameter of type 'never'.
src/screens/AddressScreen.tsx(46,25): error TS2345: Argument of type '[string, { address: Address; }]' is not assignable to parameter of type 'never'.
src/screens/AdminDashboardScreen.tsx(3,22): error TS6133: 'Button' is declared but its value is never read.
src/screens/AdminDashboardScreen.tsx(9,1): error TS6133: 'Ionicons' is declared but its value is never read.
src/screens/AdminDashboardScreen.tsx(12,9): error TS6133: 'theme' is declared but its value is never read.
src/screens/AdminDashboardScreen.tsx(75,13): error TS2339: Property 'role' does not exist on type 'User'.
src/screens/AdminDashboardScreen.tsx(75,39): error TS2339: Property 'role' does not exist on type 'User'.
src/screens/AdminDashboardScreen.tsx(80,9): error TS2322: Type '{ message: string; onRetry: () => void; retryLabel: string; }' is not assignable to type 'IntrinsicAttributes & ErrorMessageProps'.
  Property 'retryLabel' does not exist on type 'IntrinsicAttributes & ErrorMessageProps'.
src/screens/AdminDashboardScreen.tsx(159,48): error TS2769: No overload matches this call.
  Argument of type '[string]' is not assignable to parameter of type 'never'.
  Overload 2 of 2, '(options: never): void', gave the following error.
    Argument of type '"ProductManagement"' is not assignable to parameter of type 'never'.
src/screens/AdminDashboardScreen.tsx(169,20): error TS6133: 'props' is declared but its value is never read.
src/screens/AdminDashboardScreen.tsx(174,48): error TS2769: No overload matches this call.
  Argument of type '[string]' is not assignable to parameter of type 'never'.
  Overload 2 of 2, '(options: never): void', gave the following error.
    Argument of type '"OrderManagement"' is not assignable to parameter of type 'never'.
src/screens/AdminDashboardScreen.tsx(184,20): error TS6133: 'props' is declared but its value is never read.
src/screens/AdminDashboardScreen.tsx(189,48): error TS2769: No overload matches this call.
  Argument of type '[string]' is not assignable to parameter of type 'never'.
  Overload 2 of 2, '(options: never): void', gave the following error.
    Argument of type '"ScheduledOrders"' is not assignable to parameter of type 'never'.
src/screens/AdminDashboardScreen.tsx(208,48): error TS2769: No overload matches this call.
  Argument of type '[string]' is not assignable to parameter of type 'never'.
  Overload 2 of 2, '(options: never): void', gave the following error.
    Argument of type '"InventoryManagement"' is not assignable to parameter of type 'never'.
src/screens/AdminDashboardScreen.tsx(219,48): error TS2769: No overload matches this call.
  Argument of type '[string]' is not assignable to parameter of type 'never'.
  Overload 2 of 2, '(options: never): void', gave the following error.
    Argument of type '"CustomerManagement"' is not assignable to parameter of type 'never'.
src/screens/AdminDashboardScreen.tsx(230,48): error TS2769: No overload matches this call.
  Argument of type '[string]' is not assignable to parameter of type 'never'.
  Overload 2 of 2, '(options: never): void', gave the following error.
    Argument of type '"PromotionManagement"' is not assignable to parameter of type 'never'.
src/screens/AdminDashboardScreen.tsx(241,48): error TS2769: No overload matches this call.
  Argument of type '[string]' is not assignable to parameter of type 'never'.
  Overload 2 of 2, '(options: never): void', gave the following error.
    Argument of type '"ReportsScreen"' is not assignable to parameter of type 'never'.
src/screens/AdminDashboardScreen.tsx(252,48): error TS2769: No overload matches this call.
  Argument of type '[string]' is not assignable to parameter of type 'never'.
  Overload 2 of 2, '(options: never): void', gave the following error.
    Argument of type '"AdminSettings"' is not assignable to parameter of type 'never'.
src/screens/AdminDashboardScreen.tsx(261,44): error TS2769: No overload matches this call.
  Argument of type '[string]' is not assignable to parameter of type 'never'.
  Overload 2 of 2, '(options: never): void', gave the following error.
    Argument of type '"AddProduct"' is not assignable to parameter of type 'never'.
src/screens/AdminPanelScreen.tsx(6,1): error TS6133: 'MaterialCommunityIcons' is declared but its value is never read.
src/screens/AdminPanelScreen.tsx(32,30): error TS7006: Parameter 'section' implicitly has an 'any' type.
src/screens/AdminPanelScreen.tsx(35,29): error TS2769: No overload matches this call.
  Argument of type '[string]' is not assignable to parameter of type 'never'.
  Overload 2 of 2, '(options: never): void', gave the following error.
    Argument of type '"ProductManagement"' is not assignable to parameter of type 'never'.
src/screens/AdminPanelScreen.tsx(38,29): error TS2769: No overload matches this call.
  Argument of type '[string]' is not assignable to parameter of type 'never'.
  Overload 2 of 2, '(options: never): void', gave the following error.
    Argument of type '"OrderManagement"' is not assignable to parameter of type 'never'.
src/screens/AdminPanelScreen.tsx(44,29): error TS2769: No overload matches this call.
  Argument of type '[string]' is not assignable to parameter of type 'never'.
  Overload 2 of 2, '(options: never): void', gave the following error.
    Argument of type '"NotificationSettings"' is not assignable to parameter of type 'never'.
src/screens/AdminPanelScreen.tsx(159,54): error TS2345: Argument of type '[string, { orderId: string; }]' is not assignable to parameter of type 'never'.
src/screens/AdminPanelScreen.tsx(180,50): error TS2769: No overload matches this call.
  Argument of type '[string]' is not assignable to parameter of type 'never'.
  Overload 2 of 2, '(options: never): void', gave the following error.
    Argument of type '"AddEditProduct"' is not assignable to parameter of type 'never'.
src/screens/ConfiguracoesScreen.tsx(8,3): error TS6133: 'Switch' is declared but its value is never read.
src/screens/ConfiguracoesScreen.tsx(10,3): error TS6133: 'Platform' is declared but its value is never read.
src/screens/DeliveryDriverRegistration.tsx(36,28): error TS2749: 'Camera' refers to a value, but is being used as a type here. Did you mean 'typeof Camera'?
src/screens/DeliveryDriverRegistration.tsx(67,41): error TS2339: Property 'requestCameraPermissionsAsync' does not exist on type 'ForwardRefExoticComponent<Omit<any, "ref"> & RefAttributes<any>>'.
src/screens/DeliveryDriverRegistration.tsx(135,60): error TS2554: Expected 0 arguments, but got 1.
src/screens/EditProfileScreen.tsx(15,17): error TS2339: Property 'updateUserProfile' does not exist on type 'AuthContextData'.
src/screens/EditProfileScreen.tsx(28,20): error TS2339: Property 'name' does not exist on type 'User'.
src/screens/EditProfileScreen.tsx(30,21): error TS2339: Property 'phone' does not exist on type 'User'.
src/screens/EditProfileScreen.tsx(31,23): error TS2339: Property 'address' does not exist on type 'User'.
src/screens/EditProfileScreen.tsx(75,28): error TS18046: 'err' is of type 'unknown'.
src/screens/ForgotPasswordScreen.tsx(14,9): error TS6133: 'theme' is declared but its value is never read.
src/screens/ForgotPasswordScreen.tsx(16,35): error TS2339: Property 'error' does not exist on type 'AuthContextData'.
src/screens/HelpArticleScreen.tsx(17,9): error TS6133: 'navigation' is declared but its value is never read.
src/screens/HelpCategoryScreen.tsx(90,50): error TS2345: Argument of type '[string, { articleId: string; }]' is not assignable to parameter of type 'never'.
src/screens/HelpCenterScreen.tsx(2,40): error TS6133: 'TouchableOpacity' is declared but its value is never read.
src/screens/HelpCenterScreen.tsx(72,42): error TS2345: Argument of type '[string, { categoryId: string; }]' is not assignable to parameter of type 'never'.
src/screens/HelpCenterScreen.tsx(97,42): error TS2345: Argument of type '[string, { articleId: string; }]' is not assignable to parameter of type 'never'.
src/screens/HelpCenterScreen.tsx(131,56): error TS2345: Argument of type '[string, { categoryId: string; }]' is not assignable to parameter of type 'never'.
src/screens/HomeScreenWrapper.tsx(3,8): error TS2613: Module '"C:/Users/vantu/Downloads/AcucaradasEncomendas/src/screens/HomeScreen"' has no default export. Did you mean to use 'import { HomeScreen } from "C:/Users/vantu/Downloads/AcucaradasEncomendas/src/screens/HomeScreen"' instead?
src/screens/InviteFriendsScreen.tsx(2,40): error TS6133: 'Alert' is declared but its value is never read.
src/screens/InviteFriendsScreen.tsx(3,41): error TS6133: 'IconButton' is declared but its value is never read.
src/screens/InviteFriendsScreen.tsx(14,9): error TS6133: 'theme' is declared but its value is never read.
src/screens/InviteFriendsScreen.tsx(128,46): error TS2769: No overload matches this call.
  Argument of type '[string]' is not assignable to parameter of type 'never'.
  Overload 2 of 2, '(options: never): void', gave the following error.
    Argument of type '"Login"' is not assignable to parameter of type 'never'.
src/screens/LoginScreen.tsx(104,22): error TS2304: Cannot find name 'authError'.
src/screens/LoginScreen.tsx(104,68): error TS2304: Cannot find name 'authError'.
src/screens/NotificationSettingsMigrationScreen.tsx(43,15): error TS2339: Property 'uid' does not exist on type 'User'.
src/screens/NotificationSettingsMigrationScreen.tsx(50,16): error TS2339: Property 'uid' does not exist on type 'User'.
src/screens/NotificationSettingsMigrationScreen.tsx(54,51): error TS2339: Property 'uid' does not exist on type 'User'.
src/screens/NotificationSettingsMigrationScreen.tsx(57,68): error TS2345: Argument of type 'unknown' is not assignable to parameter of type 'Record<string, any> | Error | undefined'.
src/screens/NotificationSettingsMigrationScreen.tsx(66,16): error TS2339: Property 'uid' does not exist on type 'User'.
src/screens/NotificationSettingsMigrationScreen.tsx(70,54): error TS2339: Property 'uid' does not exist on type 'User'.
src/screens/NotificationSettingsMigrationScreen.tsx(79,77): error TS2345: Argument of type 'unknown' is not assignable to parameter of type 'Record<string, any> | Error | undefined'.
src/screens/NotificationSettingsMigrationScreen.tsx(104,21): error TS6133: 'total' is declared but its value is never read.
src/screens/NotificationSettingsMigrationScreen.tsx(110,72): error TS2345: Argument of type 'unknown' is not assignable to parameter of type 'Record<string, any> | Error | undefined'.
src/screens/NotificationSettingsMigrationScreen.tsx(124,16): error TS2339: Property 'uid' does not exist on type 'User'.
src/screens/NotificationSettingsMigrationScreen.tsx(128,29): error TS2339: Property 'uid' does not exist on type 'User'.
src/screens/NotificationSettingsMigrationScreen.tsx(131,52): error TS2345: Argument of type 'unknown' is not assignable to parameter of type 'Record<string, any> | Error | undefined'.
src/screens/NotificationSettingsScreen.tsx(2,10): error TS6133: 'View' is declared but its value is never read.
src/screens/NotificationSettingsScreen.tsx(3,10): error TS6133: 'Text' is declared but its value is never read.
src/screens/NotificationSettingsScreen.tsx(3,49): error TS6133: 'Button' is declared but its value is never read.
src/screens/NotificationSettingsScreen.tsx(47,33): error TS2322: Type 'Error' is not assignable to type 'string'.
src/screens/NotificationSettingsScreenV2.tsx(40,37): error TS7031: Binding element 'hours' implicitly has an 'any' type.
src/screens/NotificationSettingsScreenV2.tsx(40,44): error TS7031: Binding element 'minutes' implicitly has an 'any' type.
src/screens/NotificationSettingsScreenV2.tsx(51,86): error TS2345: Argument of type 'unknown' is not assignable to parameter of type 'Record<string, any> | Error | undefined'.
src/screens/NotificationSettingsScreenV2.tsx(56,35): error TS7031: Binding element 'hours' implicitly has an 'any' type.
src/screens/NotificationSettingsScreenV2.tsx(56,42): error TS7031: Binding element 'minutes' implicitly has an 'any' type.
src/screens/NotificationSettingsScreenV2.tsx(67,87): error TS2345: Argument of type 'unknown' is not assignable to parameter of type 'Record<string, any> | Error | undefined'.
src/screens/NotificationSettingsScreenV2.tsx(72,33): error TS7006: Parameter 'newFrequency' implicitly has an 'any' type.
src/screens/NotificationSettingsScreenV2.tsx(88,15): error TS2322: Type '{ marginTop: number; color: { primary: string; secondary: string; disabled: string; }; }' is not assignable to type 'StyleProp<TextStyle>'.
  Types of property 'color' are incompatible.
    Type '{ primary: string; secondary: string; disabled: string; }' is not assignable to type 'ColorValue | undefined'.
src/screens/NotificationSettingsScreenV2.tsx(293,9): error TS2322: Type '{ visible: boolean; onDismiss: () => void; onConfirm: ({ hours, minutes }: { hours: any; minutes: any; }) => void; hours: number; minutes: number; label: string; cancelLabel: string; confirmLabel: string; }' is not assignable to type 'IntrinsicAttributes & TimePickerModalProps'.
  Property 'hours' does not exist on type 'IntrinsicAttributes & TimePickerModalProps'.
src/screens/NotificationSettingsScreenV2.tsx(305,9): error TS2322: Type '{ visible: boolean; onDismiss: () => void; onConfirm: ({ hours, minutes }: { hours: any; minutes: any; }) => void; hours: number; minutes: number; label: string; cancelLabel: string; confirmLabel: string; }' is not assignable to type 'IntrinsicAttributes & TimePickerModalProps'.
  Property 'hours' does not exist on type 'IntrinsicAttributes & TimePickerModalProps'.
src/screens/OrderDetailScreen.tsx(3,45): error TS6133: 'List' is declared but its value is never read.
src/screens/OrderDetailScreen.tsx(131,9): error TS6133: 'route' is declared but its value is never read.
src/screens/PaymentMethodFormScreen.tsx(9,10): error TS6133: 'PaymentMethod' is declared but its value is never read.
src/screens/PaymentMethodFormScreen.tsx(15,9): error TS6133: 'theme' is declared but its value is never read.
src/screens/PaymentMethodFormScreen.tsx(17,9): error TS6133: 'route' is declared but its value is never read.
src/screens/PrivacySettingsScreen.tsx(3,57): error TS6133: 'Divider' is declared but its value is never read.
src/screens/ProductCatalogScreen.tsx(39,19): error TS2345: Argument of type 'Product[]' is not assignable to parameter of type 'SetStateAction<Product[]>'.
  Type 'import("C:/Users/vantu/Downloads/AcucaradasEncomendas/src/types/Product").Product[]' is not assignable to type 'Product[]'.
    Type 'import("C:/Users/vantu/Downloads/AcucaradasEncomendas/src/types/Product").Product' is not assignable to type 'Product'.
      Types of property 'imagens' are incompatible.
        Type 'string[] | undefined' is not assignable to type 'string[]'.
          Type 'undefined' is not assignable to type 'string[]'.
src/screens/ProductCatalogScreen.tsx(60,25): error TS2345: Argument of type '[string, { product: Product; }]' is not assignable to parameter of type 'never'.
src/screens/ProductCatalogScreen.tsx(70,46): error TS2769: No overload matches this call.
  Argument of type '[string]' is not assignable to parameter of type 'never'.
  Overload 2 of 2, '(options: never): void', gave the following error.
    Argument of type '"Cart"' is not assignable to parameter of type 'never'.
src/screens/ProductDetailsScreen.tsx(7,3): error TS6133: 'TouchableOpacity' is declared but its value is never read.
src/screens/ProductDetailsScreen.tsx(10,3): error TS6133: 'Share' is declared but its value is never read.
src/screens/ProductDetailsScreen.tsx(15,1): error TS6133: 'Ionicons' is declared but its value is never read.
src/screens/ProductDetailsScreen.tsx(16,1): error TS6133: 'Button' is declared but its value is never read.
src/screens/ProductDetailsScreen.tsx(29,11): error TS2339: Property 'addToCart' does not exist on type 'CartContextType'.
src/screens/ProductDetailsScreen.tsx(31,11): error TS2339: Property 'product' does not exist on type 'Readonly<object | undefined>'.
src/screens/ProductDetailsScreen.tsx(33,10): error TS6133: 'currentImageIndex' is declared but its value is never read.
src/screens/ProductDetailsScreen.tsx(47,9): error TS6133: 'cartButtonRef' is declared but its value is never read.
src/screens/ProductDetailsScreen.tsx(64,39): error TS2339: Property 'trackAnonymousProductView' does not exist on type 'RecommendationService'.
src/screens/ProductDetailsScreen.tsx(89,34): error TS2339: Property 'measure' does not exist on type 'never'.
src/screens/ProductDetailsScreen.tsx(89,43): error TS6133: 'fx' is declared but its value is never read.
src/screens/ProductDetailsScreen.tsx(89,43): error TS7006: Parameter 'fx' implicitly has an 'any' type.
src/screens/ProductDetailsScreen.tsx(89,47): error TS6133: 'fy' is declared but its value is never read.
src/screens/ProductDetailsScreen.tsx(89,47): error TS7006: Parameter 'fy' implicitly has an 'any' type.
src/screens/ProductDetailsScreen.tsx(89,51): error TS7006: Parameter 'width' implicitly has an 'any' type.
src/screens/ProductDetailsScreen.tsx(89,58): error TS6133: 'height' is declared but its value is never read.
src/screens/ProductDetailsScreen.tsx(89,58): error TS7006: Parameter 'height' implicitly has an 'any' type.
src/screens/ProductDetailsScreen.tsx(89,66): error TS7006: Parameter 'px' implicitly has an 'any' type.
src/screens/ProductDetailsScreen.tsx(89,70): error TS7006: Parameter 'py' implicitly has an 'any' type.
src/screens/ProductDetailsScreen.tsx(112,22): error TS7006: Parameter 'message' implicitly has an 'any' type.
src/screens/ProductDetailsScreen.tsx(131,9): error TS6133: 'handleImageChange' is declared but its value is never read.
src/screens/ProductDetailsScreen.tsx(131,29): error TS7006: Parameter 'index' implicitly has an 'any' type.
src/screens/ProductDetailsScreen.tsx(150,30): error TS7006: Parameter 'selectedProduct' implicitly has an 'any' type.
src/screens/ProductDetailsScreen.tsx(151,16): error TS2339: Property 'replace' does not exist on type 'Omit<NavigationProp<RootParamList>, "getState"> & { getState(): Readonly<{ key: string; index: number; routeNames: string[]; history?: unknown[] | undefined; routes: NavigationRoute<...>[]; type: string; stale: false; }> | undefined; }'.
src/screens/ProductDetailsScreen.tsx(178,39): error TS7006: Parameter 'image' implicitly has an 'any' type.
src/screens/ProductDetailsScreen.tsx(178,46): error TS7006: Parameter 'index' implicitly has an 'any' type.
src/screens/ProductDetailsScreen.tsx(193,41): error TS7006: Parameter '_' implicitly has an 'any' type.
src/screens/ProductDetailsScreen.tsx(193,44): error TS7006: Parameter 'index' implicitly has an 'any' type.
src/screens/ProductDetailsScreen.tsx(249,52): error TS2769: No overload matches this call.
  Overload 1 of 2, '(props: TextProps): Text', gave the following error.
    Type 'unknown' is not assignable to type 'ReactNode'.
  Overload 2 of 2, '(props: TextProps, context: any): Text', gave the following error.
    Type 'unknown' is not assignable to type 'ReactNode'.
src/screens/ProductManagementScreen.tsx(2,56): error TS6133: 'Image' is declared but its value is never read.
src/screens/ProductManagementScreen.tsx(7,3): error TS6133: 'Divider' is declared but its value is never read.
src/screens/ProductManagementScreen.tsx(248,9): error TS2322: Type '{ message: string; onRetry: () => void; retryLabel: string; }' is not assignable to type 'IntrinsicAttributes & ErrorMessageProps'.
  Property 'retryLabel' does not exist on type 'IntrinsicAttributes & ErrorMessageProps'.
src/screens/ProductManagementScreen.tsx(377,44): error TS2769: No overload matches this call.
  Argument of type '[string]' is not assignable to parameter of type 'never'.
  Overload 2 of 2, '(options: never): void', gave the following error.
    Argument of type '"AddEditProduct"' is not assignable to parameter of type 'never'.
src/screens/ProductScreen.tsx(1,38): error TS6133: 'useCallback' is declared but its value is never read.
src/screens/ProductScreen.tsx(7,3): error TS6133: 'StatusBar' is declared but its value is never read.
src/screens/ProductScreen.tsx(15,1): error TS6133: 'SkeletonList' is declared but its value is never read.
src/screens/ProductScreen.tsx(16,1): error TS6133: 'ErrorMessage' is declared but its value is never read.
src/screens/ProductScreen.tsx(17,1): error TS6133: 'OptimizedList' is declared but its value is never read.
src/screens/ProductScreen.tsx(28,7): error TS6133: 'PRODUCT_CARD_WIDTH' is declared but its value is never read.
src/screens/ProductScreen.tsx(29,7): error TS6133: 'PRODUCT_IMAGE_HEIGHT' is declared but its value is never read.
src/screens/ProductScreen.tsx(32,7): error TS6133: 'fetchProducts' is declared but its value is never read.
src/screens/ProductScreen.tsx(36,3): error TS2322: Type 'Product[] | null' is not assignable to type 'Product[]'.
  Type 'null' is not assignable to type 'Product[]'.
src/screens/ProductScreen.tsx(38,5): error TS2554: Expected 0 arguments, but got 2.
src/screens/ProductScreen.tsx(87,29): error TS2339: Property 'item' does not exist on type '{}'.
src/screens/ProductScreen.tsx(87,35): error TS2339: Property 'onPress' does not exist on type '{}'.
src/screens/ProductScreen.tsx(87,44): error TS2339: Property 'onAddToCart' does not exist on type '{}'.
src/screens/ProductScreen.tsx(87,57): error TS2339: Property 'themeColors' does not exist on type '{}'.
src/screens/ProductScreen.tsx(88,35): error TS2339: Property 'productCard' does not exist on type '{ container: { flex: number; backgroundColor: string; }; loadingContainer: { flex: number; justifyContent: "center"; alignItems: "center"; backgroundColor: string; }; loadingText: { marginTop: number; fontSize: number; color: string; }; ... 18 more ...; addToCartButton: { ...; }; }'.
src/screens/ProductScreen.tsx(94,30): error TS2339: Property 'imagePlaceholder' does not exist on type '{ container: { flex: number; backgroundColor: string; }; loadingContainer: { flex: number; justifyContent: "center"; alignItems: "center"; backgroundColor: string; }; loadingText: { marginTop: number; fontSize: number; color: string; }; ... 18 more ...; addToCartButton: { ...; }; }'.
src/screens/ProductScreen.tsx(97,25): error TS2339: Property 'productDetails' does not exist on type '{ container: { flex: number; backgroundColor: string; }; loadingContainer: { flex: number; justifyContent: "center"; alignItems: "center"; backgroundColor: string; }; loadingText: { marginTop: number; fontSize: number; color: string; }; ... 18 more ...; addToCartButton: { ...; }; }'.
src/screens/ProductScreen.tsx(103,24): error TS2339: Property 'addButton' does not exist on type '{ container: { flex: number; backgroundColor: string; }; loadingContainer: { flex: number; justifyContent: "center"; alignItems: "center"; backgroundColor: string; }; loadingText: { marginTop: number; fontSize: number; color: string; }; ... 18 more ...; addToCartButton: { ...; }; }'.
src/screens/ProductScreen.tsx(106,29): error TS2339: Property 'addButtonText' does not exist on type '{ container: { flex: number; backgroundColor: string; }; loadingContainer: { flex: number; justifyContent: "center"; alignItems: "center"; backgroundColor: string; }; loadingText: { marginTop: number; fontSize: number; color: string; }; ... 18 more ...; addToCartButton: { ...; }; }'.
src/screens/ProductScreen.tsx(119,9): error TS6133: 'theme' is declared but its value is never read.
src/screens/ProductScreen.tsx(204,34): error TS2339: Property 'imageUrl' does not exist on type 'Product'.
src/screens/ProductScreen.tsx(210,53): error TS2339: Property 'name' does not exist on type 'Product'.
src/screens/ProductScreen.tsx(211,57): error TS2339: Property 'price' does not exist on type 'Product'.
src/screens/ProductScreen.tsx(216,53): error TS2339: Property 'description' does not exist on type 'Product'.
src/screens/ProductScreenWrapper.tsx(3,8): error TS2613: Module '"C:/Users/vantu/Downloads/AcucaradasEncomendas/src/screens/ProductScreen"' has no default export. Did you mean to use 'import { ProductScreen } from "C:/Users/vantu/Downloads/AcucaradasEncomendas/src/screens/ProductScreen"' instead?
src/screens/ProfileSettingsScreen.tsx(57,26): error TS2339: Property 'id' does not exist on type 'User'.
src/screens/ProfileSettingsScreen.tsx(61,82): error TS2339: Property 'id' does not exist on type 'User'.
src/screens/ProfileSettingsScreen.tsx(96,24): error TS2339: Property 'id' does not exist on type 'User'.
src/screens/ProfileSettingsScreen.tsx(101,49): error TS2339: Property 'id' does not exist on type 'User'.
src/screens/ProfileSettingsScreen.tsx(117,24): error TS2339: Property 'id' does not exist on type 'User'.
src/screens/ProfileSettingsScreen.tsx(122,55): error TS2339: Property 'id' does not exist on type 'User'.
src/screens/ProfileSettingsScreen.tsx(123,55): error TS2339: Property 'id' does not exist on type 'User'.
src/screens/ProfileSettingsScreen.tsx(153,19): error TS2551: Property 'cancelled' does not exist on type 'ImagePickerResult'. Did you mean 'canceled'?
  Property 'cancelled' does not exist on type 'ImagePickerSuccessResult'.
src/screens/ProfileSettingsScreen.tsx(157,75): error TS2339: Property 'id' does not exist on type 'User'.
src/screens/ProfileSettingsScreen.tsx(196,54): error TS2339: Property 'id' does not exist on type 'User'.
src/screens/RegisterScreen.tsx(79,48): error TS2554: Expected 2 arguments, but got 3.
src/screens/ReportsScreen.tsx(2,63): error TS6133: 'Share' is declared but its value is never read.
src/screens/ReportsScreen.tsx(10,3): error TS6133: 'Searchbar' is declared but its value is never read.
src/screens/ReportsScreen.tsx(154,13): error TS2339: Property 'role' does not exist on type 'User'.
src/screens/ReportsScreen.tsx(154,39): error TS2339: Property 'role' does not exist on type 'User'.
src/screens/ReportsScreen.tsx(159,9): error TS2322: Type '{ message: string; onRetry: () => void; retryLabel: string; }' is not assignable to type 'IntrinsicAttributes & ErrorMessageProps'.
  Property 'retryLabel' does not exist on type 'IntrinsicAttributes & ErrorMessageProps'.
src/screens/ReviewsScreen.tsx(9,3): error TS6133: 'Divider' is declared but its value is never read.
src/screens/ReviewsScreen.tsx(25,9): error TS6133: 'navigation' is declared but its value is never read.
src/screens/ReviewsScreen.tsx(48,29): error TS2673: Constructor of class 'ReviewService' is private and only accessible within the class declaration.
src/screens/ReviewsScreen.tsx(87,29): error TS2673: Constructor of class 'ReviewService' is private and only accessible within the class declaration.
src/screens/ReviewsScreen.tsx(188,41): error TS6133: 'image' is declared but its value is never read.
src/screens/ReviewsScreen.tsx(237,13): error TS2322: Type 'string | undefined' is not assignable to type 'string | string[]'.
  Type 'undefined' is not assignable to type 'string | string[]'.
src/screens/ScheduledOrdersScreen.tsx(3,64): error TS6133: 'FAB' is declared but its value is never read.
src/screens/ScheduledOrdersScreen.tsx(134,14): error TS7053: Element implicitly has an 'any' type because expression of type 'string' can't be used to index type '{}'.
  No index signature with a parameter of type 'string' was found on type '{}'.
src/screens/ScheduledOrdersScreen.tsx(135,11): error TS7053: Element implicitly has an 'any' type because expression of type 'string' can't be used to index type '{}'.
  No index signature with a parameter of type 'string' was found on type '{}'.
src/screens/ScheduledOrdersScreen.tsx(137,9): error TS7053: Element implicitly has an 'any' type because expression of type 'string' can't be used to index type '{}'.
  No index signature with a parameter of type 'string' was found on type '{}'.
src/screens/ScheduledOrdersScreen.tsx(143,13): error TS6133: 'count' is declared but its value is never read.
src/screens/ScheduledOrdersScreen.tsx(143,21): error TS7053: Element implicitly has an 'any' type because expression of type 'string' can't be used to index type '{}'.
  No index signature with a parameter of type 'string' was found on type '{}'.
src/screens/ScheduledOrdersScreen.tsx(144,7): error TS7053: Element implicitly has an 'any' type because expression of type 'string' can't be used to index type '{}'.
  No index signature with a parameter of type 'string' was found on type '{}'.
src/screens/ScheduledOrdersScreen.tsx(155,30): error TS7006: Parameter 'date' implicitly has an 'any' type.
src/screens/ScheduledOrdersScreen.tsx(163,26): error TS7006: Parameter 'day' implicitly has an 'any' type.
src/screens/ScheduledOrdersScreen.tsx(174,28): error TS7006: Parameter 'orderId' implicitly has an 'any' type.
src/screens/ScheduledOrdersScreen.tsx(175,25): error TS2345: Argument of type '[string, { orderId: any; }]' is not assignable to parameter of type 'never'.
src/screens/ScheduledOrdersScreen.tsx(178,26): error TS7006: Parameter 'status' implicitly has an 'any' type.
src/screens/ScheduledOrdersScreen.tsx(181,29): error TS2339: Property 'warning' does not exist on type 'MD3Colors'.
src/screens/ScheduledOrdersScreen.tsx(185,29): error TS2339: Property 'info' does not exist on type 'MD3Colors'.
src/screens/ScheduledOrdersScreen.tsx(189,29): error TS2339: Property 'success' does not exist on type 'MD3Colors'.
src/screens/ScheduledOrdersScreen.tsx(193,29): error TS2339: Property 'disabled' does not exist on type 'MD3Colors'.
src/screens/ScheduledOrdersScreen.tsx(197,26): error TS7006: Parameter 'status' implicitly has an 'any' type.
src/screens/ScheduledOrdersScreen.tsx(218,22): error TS7006: Parameter 'dateString' implicitly has an 'any' type.
src/screens/ScheduledOrdersScreen.tsx(245,33): error TS7006: Parameter 'orders' implicitly has an 'any' type.
src/screens/ScheduledOrdersScreen.tsx(248,11): error TS7006: Parameter 'order' implicitly has an 'any' type.
src/screens/ScheduledOrdersScreen.tsx(256,33): error TS7006: Parameter 'item' implicitly has an 'any' type.
src/screens/ScheduledOrdersScreen.tsx(269,14): error TS7053: Element implicitly has an 'any' type because expression of type 'string' can't be used to index type '{}'.
  No index signature with a parameter of type 'string' was found on type '{}'.
src/screens/ScheduledOrdersScreen.tsx(270,11): error TS7053: Element implicitly has an 'any' type because expression of type 'string' can't be used to index type '{}'.
  No index signature with a parameter of type 'string' was found on type '{}'.
src/screens/ScheduledOrdersScreen.tsx(272,9): error TS7053: Element implicitly has an 'any' type because expression of type 'string' can't be used to index type '{}'.
  No index signature with a parameter of type 'string' was found on type '{}'.
src/screens/ScheduledOrdersScreen.tsx(281,15): error TS7053: Element implicitly has an 'any' type because expression of type 'string' can't be used to index type '{}'.
  No index signature with a parameter of type 'string' was found on type '{}'.
src/screens/ScheduledOrdersScreen.tsx(602,28): error TS18048: 'order.scheduledDelivery' is possibly 'undefined'.
src/screens/ScheduledOrdersScreen.tsx(603,40): error TS18048: 'order.scheduledDelivery' is possibly 'undefined'.
src/screens/ScheduledOrdersScreen.tsx(604,54): error TS18048: 'order.scheduledDelivery' is possibly 'undefined'.
src/screens/ScheduledOrdersScreen.tsx(612,28): error TS18048: 'order.scheduledDelivery' is possibly 'undefined'.
src/screens/ScheduledOrdersScreen.tsx(614,31): error TS18048: 'order.scheduledDelivery' is possibly 'undefined'.
src/screens/ScheduledOrdersScreen.tsx(616,51): error TS18048: 'order.scheduledDelivery' is possibly 'undefined'.
src/screens/StoreListScreen.tsx(3,18): error TS6133: 'Button' is declared but its value is never read.
src/screens/StoreListScreen.tsx(30,9): error TS2345: Argument of type '[never, never]' is not assignable to parameter of type 'never'.
src/screens/StoreListScreen.tsx(40,9): error TS2345: Argument of type '[never, never]' is not assignable to parameter of type 'never'.
src/screens/StoreListScreen.tsx(56,81): error TS7006: Parameter 'prev' implicitly has an 'any' type.
src/screens/StoreListScreen.tsx(56,81): error TS2345: Argument of type '(prev: any) => boolean' is not assignable to parameter of type 'boolean'.
src/screens/TermsOfUseScreen.tsx(7,9): error TS6133: 'theme' is declared but its value is never read.
src/screens/TestNotificationsScreen.tsx(47,43): error TS7031: Binding element 'navigation' implicitly has an 'any' type.
src/screens/TestNotificationsScreen.tsx(55,23): error TS6133: 'setLogsLoading' is declared but its value is never read.
src/screens/TestNotificationsScreen.tsx(58,9): error TS6133: 'notificationService' is declared but its value is never read.
src/screens/TestNotificationsScreen.tsx(58,31): error TS2673: Constructor of class 'NotificationService' is private and only accessible within the class declaration.
src/screens/TestNotificationsScreen.tsx(77,45): error TS2339: Property 'uid' does not exist on type 'User'.
src/screens/TestNotificationsScreen.tsx(82,21): error TS2345: Argument of type 'string | number | true | Date | DocumentData | DocumentData[] | (string | number | boolean | null)[] | FieldValue | null' is not assignable to parameter of type 'SetStateAction<string | null>'.
  Type 'number' is not assignable to type 'SetStateAction<string | null>'.
src/screens/TestNotificationsScreen.tsx(83,28): error TS2345: Argument of type 'string | number | true | Date | DocumentData | DocumentData[] | (string | number | boolean | null)[] | FieldValue | null' is not assignable to parameter of type 'SetStateAction<string | null>'.
  Type 'number' is not assignable to type 'SetStateAction<string | null>'.
src/screens/TestNotificationsScreen.tsx(123,45): error TS2339: Property 'uid' does not exist on type 'User'.
src/screens/TestNotificationsScreen.tsx(155,14): error TS2339: Property 'uid' does not exist on type 'User'.
src/screens/TestNotificationsScreen.tsx(167,22): error TS2339: Property 'uid' does not exist on type 'User'.
src/screens/TestNotificationsScreen.tsx(221,14): error TS2339: Property 'uid' does not exist on type 'User'.
src/screens/TestNotificationsScreen.tsx(229,22): error TS2339: Property 'uid' does not exist on type 'User'.
src/screens/TestNotificationsScreen.tsx(259,23): error TS2339: Property 'uid' does not exist on type 'User'.
src/screens/TestNotificationsScreen.tsx(260,25): error TS2339: Property 'role' does not exist on type 'User'.
src/screens/TestNotificationsScreen.tsx(270,22): error TS2339: Property 'uid' does not exist on type 'User'.
src/screens/TestNotificationsScreen.tsx(275,25): error TS2339: Property 'uid' does not exist on type 'User'.
src/screens/TestNotificationsScreen.tsx(276,27): error TS2339: Property 'role' does not exist on type 'User'.
src/screens/TestNotificationsScreen.tsx(347,24): error TS2339: Property 'uid' does not exist on type 'User'.
src/screens/TestNotificationsScreen.tsx(369,24): error TS2339: Property 'uid' does not exist on type 'User'.
src/screens/TestNotificationsScreen.tsx(429,67): error TS2339: Property 'uid' does not exist on type 'User'.
src/screens/TestNotificationsScreen.tsx(435,23): error TS2339: Property 'delete' does not exist on type 'WriteBatch'.
src/screens/TestNotificationsScreen.tsx(435,34): error TS2339: Property 'ref' does not exist on type 'QueryDocumentSnapshot'.
src/screens/TestNotificationsScreen.tsx(496,16): error TS6133: 'props' is declared but its value is never read.
src/screens/TestNotificationsScreen.tsx(531,14): error TS2339: Property 'uid' does not exist on type 'User'.
src/screens/TestNotificationsScreen.tsx(539,22): error TS2339: Property 'uid' does not exist on type 'User'.
src/screens/TestNotificationsScreen.tsx(563,9): error TS6133: 'sendUserSegmentNotification' is declared but its value is never read.
src/screens/TestNotificationsScreen.tsx(641,63): error TS2339: Property 'uid' does not exist on type 'User'.
src/screens/TestNotificationsScreen.tsx(645,22): error TS2339: Property 'uid' does not exist on type 'User'.
src/screens/TestNotificationsScreen.tsx(904,5): error TS2304: Cannot find name 'setLogsLoading'.
src/screens/TestNotificationsScreen.tsx(905,10): error TS2304: Cannot find name 'user'.
src/screens/TestNotificationsScreen.tsx(908,36): error TS2304: Cannot find name 'notificationLogsCollection'.
src/screens/TestNotificationsScreen.tsx(909,50): error TS2304: Cannot find name 'user'.
src/screens/TestNotificationsScreen.tsx(912,9): error TS2304: Cannot find name 'filterType'.
src/screens/TestNotificationsScreen.tsx(914,62): error TS2304: Cannot find name 'filterType'.
src/screens/TestNotificationsScreen.tsx(917,33): error TS2304: Cannot find name 'user'.
src/screens/TestNotificationsScreen.tsx(918,33): error TS2304: Cannot find name 'filterType'.
src/screens/TestNotificationsScreen.tsx(924,33): error TS2304: Cannot find name 'user'.
src/screens/TestNotificationsScreen.tsx(925,31): error TS2304: Cannot find name 'filterType'.
src/screens/TestNotificationsScreen.tsx(937,5): error TS2304: Cannot find name 'setNotificationLogs'.
src/screens/TestNotificationsScreen.tsx(942,5): error TS2304: Cannot find name 'setLogsLoading'.
src/screens/TestNotificationsScreen.tsx(953,28): error TS2304: Cannot find name 'notificationLogsCollection'.
src/screens/TestNotificationsScreen.tsx(966,5): error TS2304: Cannot find name 'setNotificationLogs'.
src/screens/TestNotificationsScreen.tsx(966,25): error TS7006: Parameter 'prevLogs' implicitly has an 'any' type.
src/screens/TwoFactorAuthScreen.tsx(28,61): error TS6133: 'error' is declared but its value is never read.
src/screens/TwoFactorAuthScreen.tsx(40,64): error TS7006: Parameter 'e' implicitly has an 'any' type.
src/screens/UserManagementScreen.tsx(17,61): error TS2305: Module '"firebase/firestore"' has no exported member 'startAfter'.
src/screens/UserManagementScreen.tsx(21,30): error TS2305: Module '"../services/PermissionsService"' has no exported member 'UserRole'.
src/screens/UserManagementScreen.tsx(28,20): error TS2339: Property 'checkPermission' does not exist on type 'UsePermissionsReturn'.
src/screens/UserManagementScreen.tsx(77,18): error TS2339: Property 'forEach' does not exist on type 'QuerySnapshot'.
src/screens/UserManagementScreen.tsx(77,26): error TS7006: Parameter 'doc' implicitly has an 'any' type.
src/screens/UserManagementScreen.tsx(214,25): error TS2345: Argument of type '[never, never]' is not assignable to parameter of type 'never'.
src/screens/UserManagementScreen.tsx(218,24): error TS2339: Property 'role' does not exist on type 'User'.
src/screens/UserManagementScreen.tsx(298,21): error TS2322: Type '{ children: Element; requiredPermission: string; }' is not assignable to type 'IntrinsicAttributes & ProtectedRouteProps'.
  Property 'requiredPermission' does not exist on type 'IntrinsicAttributes & ProtectedRouteProps'. Did you mean 'requiredPermissions'?
src/screens/UserManagementScreen.tsx(305,48): error TS2345: Argument of type '[never, never]' is not assignable to parameter of type 'never'.
src/screens/WishlistScreen.tsx(1,27): error TS6133: 'useEffect' is declared but its value is never read.
src/screens/WishlistScreen.tsx(9,3): error TS6133: 'Share' is declared but its value is never read.
src/screens/WishlistScreen.tsx(13,10): error TS6133: 'Appbar' is declared but its value is never read.
src/screens/WishlistScreen.tsx(13,35): error TS6133: 'FAB' is declared but its value is never read.
src/screens/WishlistScreen.tsx(36,10): error TS6133: 'shareLoading' is declared but its value is never read.
src/screens/WishlistScreen.tsx(96,48): error TS2339: Property 'getWishlistByUserId' does not exist on type 'SocialSharingService'.
src/screens/WishlistScreen.tsx(264,25): error TS2345: Argument of type '[string, { product: WishlistProduct; }]' is not assignable to parameter of type 'never'.
src/screens/WishlistScreen.tsx(273,27): error TS2339: Property 'updateWishlistPrivacy' does not exist on type 'SocialSharingService'.
src/screens/WishlistScreen.tsx(298,28): error TS18048: 'item.imagens' is possibly 'undefined'.
src/screens/WishlistScreen.tsx(386,15): error TS2769: No overload matches this call.
  Overload 1 of 2, '(props: TextProps): Text', gave the following error.
    Type '{ children: string; variant: string; style: { flex: number; fontWeight: "bold"; }; }' is not assignable to type 'IntrinsicAttributes & IntrinsicClassAttributes<Text> & Readonly<TextProps>'.
      Property 'variant' does not exist on type 'IntrinsicAttributes & IntrinsicClassAttributes<Text> & Readonly<TextProps>'.
  Overload 2 of 2, '(props: TextProps, context: any): Text', gave the following error.
    Type '{ children: string; variant: string; style: { flex: number; fontWeight: "bold"; }; }' is not assignable to type 'IntrinsicAttributes & IntrinsicClassAttributes<Text> & Readonly<TextProps>'.
      Property 'variant' does not exist on type 'IntrinsicAttributes & IntrinsicClassAttributes<Text> & Readonly<TextProps>'.
src/screens/WishlistScreen.tsx(399,65): error TS2339: Property 'backgroundColor' does not exist on type '{ flexDirection: "column"; alignItems: "center"; justifyContent: "center"; }'.
src/screens/WishlistScreen.tsx(431,52): error TS2769: No overload matches this call.
  Argument of type '[string]' is not assignable to parameter of type 'never'.
  Overload 2 of 2, '(options: never): void', gave the following error.
    Argument of type '"ProductCatalog"' is not assignable to parameter of type 'never'.
src/scripts/setupMonitoring.ts(42,11): error TS6133: 'initializationError' is declared but its value is never read.
src/services/AddressService.ts(26,21): error TS2339: Property 'forEach' does not exist on type 'QuerySnapshot'.
src/services/AddressService.ts(26,29): error TS7006: Parameter 'doc' implicitly has an 'any' type.
src/services/AddressService.ts(107,24): error TS2339: Property 'batch' does not exist on type 'Firestore'.
src/services/AddressService.ts(109,21): error TS2339: Property 'forEach' does not exist on type 'QuerySnapshot'.
src/services/AddressService.ts(109,29): error TS7006: Parameter 'doc' implicitly has an 'any' type.
src/services/api.ts(181,27): error TS6133: 'orderData' is declared but its value is never read.
src/services/api.ts(181,27): error TS7006: Parameter 'orderData' implicitly has an 'any' type.
src/services/CacheServiceOptimized.ts(3,1): error TS6133: 'Product' is declared but its value is never read.
src/services/CacheServiceOptimized.ts(41,11): error TS6133: 'isNetworkAvailable' is declared but its value is never read.
src/services/CacheServiceOptimized.ts(43,11): error TS6133: 'pendingWrites' is declared but its value is never read.
src/services/DeliveryService.ts(20,54): error TS2307: Cannot find module '../types/Delivery' or its corresponding type declarations.
src/services/DeliveryService.ts(147,21): error TS2339: Property 'forEach' does not exist on type 'QuerySnapshot'.
src/services/DeliveryService.ts(147,29): error TS7006: Parameter 'doc' implicitly has an 'any' type.
src/services/DemandForecastService.ts(248,5): error TS2300: Duplicate identifier 'trend'.
src/services/DemandForecastService.ts(265,9): error TS2300: Duplicate identifier 'trend'.
src/services/DemandForecastService.ts(302,53): error TS2365: Operator '+' cannot be applied to types 'number' and 'ProductTrend'.
src/services/DemandForecastService.ts(304,9): error TS2322: Type 'number' is not assignable to type 'ProductTrend'.
src/services/DemandForecastService.ts(306,51): error TS2363: The right-hand side of an arithmetic operation must be of type 'any', 'number', 'bigint' or an enum type.
src/services/DemandForecastService.ts(323,35): error TS2363: The right-hand side of an arithmetic operation must be of type 'any', 'number', 'bigint' or an enum type.
src/services/DemandForecastService.ts(338,13): error TS2322: Type 'ProductTrend' is not assignable to type 'number'.
src/services/EncryptionService.ts(1,27): error TS7016: Could not find a declaration file for module 'crypto-js'. 'C:/Users/vantu/Downloads/AcucaradasEncomendas/node_modules/crypto-js/index.js' implicitly has an 'any' type.
  Try `npm i --save-dev @types/crypto-js` if it exists or add a new declaration (.d.ts) file containing `declare module 'crypto-js';`
src/services/EncryptionService.ts(41,66): error TS2345: Argument of type 'string | null' is not assignable to parameter of type 'string'.
  Type 'null' is not assignable to type 'string'.
src/services/EncryptionService.ts(43,56): error TS2345: Argument of type 'string | null' is not assignable to parameter of type 'string'.
  Type 'null' is not assignable to type 'string'.
src/services/FCMService.ts(142,23): error TS2488: Type 'string | number | true | Date | DocumentData | DocumentData[] | (string | number | boolean | null)[] | FieldValue' must have a '[Symbol.iterator]()' method that returns an iterator.
src/services/FCMService.ts(142,24): error TS2532: Object is possibly 'undefined'.
src/services/FCMService.ts(175,24): error TS18048: 'userData' is possibly 'undefined'.
src/services/FCMService.ts(178,38): error TS2339: Property 'filter' does not exist on type 'string | number | true | Date | DocumentData | DocumentData[] | (string | number | boolean | null)[] | FieldValue'.
  Property 'filter' does not exist on type 'string'.
src/services/FraudDetectionService.ts(203,5): error TS6133: 'order' is declared but its value is never read.
src/services/FraudDetectionService.ts(429,33): error TS2339: Property 'price' does not exist on type 'OrderItem'.
src/services/FraudDetectionService.ts(431,35): error TS2339: Property 'options' does not exist on type 'OrderItem'.
src/services/FraudDetectionService.ts(432,18): error TS2339: Property 'options' does not exist on type 'OrderItem'.
src/services/FraudDetectionService.ts(432,34): error TS7006: Parameter 'optSum' implicitly has an 'any' type.
src/services/FraudDetectionService.ts(432,42): error TS7006: Parameter 'opt' implicitly has an 'any' type.
src/services/ImageOptimizationService.ts(3,1): error TS6133: 'Platform' is declared but its value is never read.
src/services/ImageOptimizationService.ts(69,5): error TS2322: Type '{ maxWidth: number; maxHeight: number; compressionQuality: number; format: string; }' is not assignable to type 'ImageOptimizationOptions'.
  Types of property 'format' are incompatible.
    Type 'string' is not assignable to type '"jpeg" | "png" | "webp" | undefined'.
src/services/ImageOptimizationService.ts(118,5): error TS2322: Type '{ maxWidth: number; maxHeight: number; compressionQuality: number; format: string; }' is not assignable to type 'ImageOptimizationOptions'.
  Types of property 'format' are incompatible.
    Type 'string' is not assignable to type '"jpeg" | "png" | "webp" | undefined'.
src/services/ImageOptimizationService.ts(150,28): error TS2339: Property 'size' does not exist on type 'FileInfo'.
  Property 'size' does not exist on type '{ exists: false; uri: string; isDirectory: false; }'.
src/services/ImageOptimizationService.ts(165,41): error TS2345: Argument of type '{ compressionQuality: number; maxWidth: number; maxHeight: number; format: string; }' is not assignable to parameter of type 'ImageOptimizationOptions'.
  Types of property 'format' are incompatible.
    Type 'string' is not assignable to type '"jpeg" | "png" | "webp" | undefined'.
src/services/ImageOptimizationService.ts(178,41): error TS2345: Argument of type '{ maxWidth: number; maxHeight: number; compressionQuality: number; format: string; }' is not assignable to parameter of type 'ImageOptimizationOptions'.
  Types of property 'format' are incompatible.
    Type 'string' is not assignable to type '"jpeg" | "png" | "webp" | undefined'.
src/services/InputValidationService.ts(17,27): error TS6133: 'DANGEROUS_CHARS' is declared but its value is never read.
src/services/InputValidationService.ts(194,31): error TS18046: 'fieldSchema' is of type 'unknown'.
src/services/InputValidationService.ts(204,43): error TS18046: 'fieldSchema' is of type 'unknown'.
src/services/InputValidationService.ts(204,89): error TS18046: 'fieldSchema' is of type 'unknown'.
src/services/InputValidationService.ts(205,80): error TS18046: 'fieldSchema' is of type 'unknown'.
src/services/LocationService.ts(3,3): error TS6133: 'query' is declared but its value is never read.
src/services/LocationService.ts(4,3): error TS6133: 'where' is declared but its value is never read.
src/services/LocationService.ts(7,3): error TS6133: 'getDoc' is declared but its value is never read.
src/services/LocationService.ts(8,3): error TS2305: Module '"firebase/firestore"' has no exported member 'GeoPoint'.
src/services/LocationService.ts(8,3): error TS6133: 'GeoPoint' is declared but its value is never read.
src/services/LocationService.ts(70,63): error TS2554: Expected 0 arguments, but got 1.
src/services/LocationService.ts(91,64): error TS2554: Expected 0 arguments, but got 1.
src/services/LocationService.ts(216,21): error TS2339: Property 'forEach' does not exist on type 'QuerySnapshot'.
src/services/LocationService.ts(216,29): error TS7006: Parameter 'doc' implicitly has an 'any' type.
src/services/MobileNotificationService.ts(6,10): error TS6133: 'collection' is declared but its value is never read.
src/services/MobileNotificationService.ts(6,43): error TS6133: 'updateDoc' is declared but its value is never read.
src/services/MobileNotificationService.ts(105,72): error TS2345: Argument of type 'unknown' is not assignable to parameter of type 'Record<string, any> | Error | undefined'.
src/services/MobileNotificationService.ts(121,38): error TS2339: Property 'projectId' does not exist on type 'ExpoConfig & { hostUri?: string | undefined; }'.
src/services/MobileNotificationService.ts(122,40): error TS2339: Property 'projectId' does not exist on type 'ExpoConfig & { hostUri?: string | undefined; }'.
src/services/MobileNotificationService.ts(157,67): error TS2345: Argument of type 'unknown' is not assignable to parameter of type 'Record<string, any> | Error | undefined'.
src/services/MobileNotificationService.ts(172,68): error TS2345: Argument of type 'unknown' is not assignable to parameter of type 'Record<string, any> | Error | undefined'.
src/services/MobileNotificationService.ts(191,27): error TS2352: Conversion of type 'DocumentData | undefined' to type 'NotificationToken' may be a mistake because neither type sufficiently overlaps with the other. If this was intentional, convert the expression to 'unknown' first.
  Type 'DocumentData' is missing the following properties from type 'NotificationToken': id, userId, token, deviceId, and 3 more.
src/services/MobileNotificationService.ts(197,66): error TS2345: Argument of type 'unknown' is not assignable to parameter of type 'Record<string, any> | Error | undefined'.
src/services/MobileNotificationService.ts(220,90): error TS2345: Argument of type 'NotificationType' is not assignable to parameter of type '"orderStatus" | "promotions" | "news" | "deliveryUpdates" | "paymentUpdates"'.
  Type '"new_order"' is not assignable to type '"orderStatus" | "promotions" | "news" | "deliveryUpdates" | "paymentUpdates"'.
src/services/MobileNotificationService.ts(265,63): error TS2345: Argument of type 'unknown' is not assignable to parameter of type 'Record<string, any> | Error | undefined'.
src/services/MobileNotificationService.ts(298,65): error TS2345: Argument of type 'unknown' is not assignable to parameter of type 'Record<string, any> | Error | undefined'.
src/services/MobileNotificationService.ts(312,66): error TS2345: Argument of type 'unknown' is not assignable to parameter of type 'Record<string, any> | Error | undefined'.
src/services/MobileNotificationService.ts(325,77): error TS2345: Argument of type 'unknown' is not assignable to parameter of type 'Record<string, any> | Error | undefined'.
src/services/NotificationService.ts(12,3): error TS6133: 'Timestamp' is declared but its value is never read.
src/services/NotificationService.ts(19,3): error TS6133: 'NotificationType' is declared but its value is never read.
src/services/NotificationService.ts(125,20): error TS2339: Property 'id' does not exist on type 'void'.
src/services/NotificationService.ts(139,36): error TS2339: Property 'id' does not exist on type 'void'.
src/services/NotificationService.ts(147,32): error TS2339: Property 'id' does not exist on type 'void'.
src/services/NotificationService.ts(181,24): error TS2339: Property 'batch' does not exist on type 'Firestore'.
src/services/NotificationService.ts(183,26): error TS2339: Property 'ref' does not exist on type 'QueryDocumentSnapshot'.
src/services/NotificationService.ts(203,29): error TS2339: Property 'delete' does not exist on type 'DocumentReference'.
src/services/NotificationService.ts(281,21): error TS2693: 'NotificationType' only refers to a type, but is being used as a value here.
src/services/NotificationService.ts(282,22): error TS2538: Type 'unknown' cannot be used as an index type.
src/services/NotificationSettingsServiceWithCache.ts(2,3): error TS6133: 'collection' is declared but its value is never read.
src/services/NotificationSettingsServiceWithCache.ts(3,3): error TS6133: 'query' is declared but its value is never read.
src/services/NotificationSettingsServiceWithCache.ts(4,3): error TS6133: 'where' is declared but its value is never read.
src/services/NotificationSettingsServiceWithCache.ts(5,3): error TS6133: 'getDocs' is declared but its value is never read.
src/services/NotificationSettingsServiceWithCache.ts(10,3): error TS6133: 'serverTimestamp' is declared but its value is never read.
src/services/NotificationSettingsServiceWithCacheV2.ts(2,3): error TS6133: 'collection' is declared but its value is never read.
src/services/NotificationSettingsServiceWithCacheV2.ts(3,3): error TS6133: 'query' is declared but its value is never read.
src/services/NotificationSettingsServiceWithCacheV2.ts(4,3): error TS6133: 'where' is declared but its value is never read.
src/services/NotificationSettingsServiceWithCacheV2.ts(5,3): error TS6133: 'getDocs' is declared but its value is never read.
src/services/NotificationSettingsServiceWithCacheV2.ts(10,3): error TS6133: 'serverTimestamp' is declared but its value is never read.
src/services/OrderService.ts(10,3): error TS2305: Module '"firebase/firestore"' has no exported member 'startAfter'.
src/services/OrderService.ts(59,32): error TS2339: Property 'fromDate' does not exist on type 'typeof Timestamp'.
src/services/OrderService.ts(106,32): error TS2339: Property 'fromDate' does not exist on type 'typeof Timestamp'.
src/services/OrderService.ts(186,46): error TS2345: Argument of type '{ createdAt: Date; updatedAt: Date; status: OrderStatus; userId: string; totalAmount: number; estimatedDeliveryTime?: string | undefined; items: OrderItem[]; ... 6 more ...; cancellationReason?: string | undefined; }' is not assignable to parameter of type 'DocumentData'.
  Property 'items' is incompatible with index signature.
    Type 'OrderItem[]' is not assignable to type 'string | number | boolean | Date | DocumentData | DocumentData[] | (string | number | boolean | null)[] | FieldValue | null | undefined'.
      Type 'OrderItem[]' is not assignable to type 'DocumentData[]'.
        Type 'OrderItem' is not assignable to type 'DocumentData'.
          Index signature for type 'string' is missing in type 'OrderItem'.
src/services/OrderService.ts(341,28): error TS2352: Conversion of type 'DocumentData | undefined' to type 'Order' may be a mistake because neither type sufficiently overlaps with the other. If this was intentional, convert the expression to 'unknown' first.
  Type 'DocumentData' is missing the following properties from type 'Order': id, userId, items, totalAmount, and 6 more.
src/services/PaymentMethodService.ts(7,3): error TS6133: 'updateDoc' is declared but its value is never read.
src/services/PaymentMethodService.ts(26,21): error TS2339: Property 'forEach' does not exist on type 'QuerySnapshot'.
src/services/PaymentMethodService.ts(26,29): error TS7006: Parameter 'doc' implicitly has an 'any' type.
src/services/PaymentMethodService.ts(127,24): error TS2339: Property 'batch' does not exist on type 'Firestore'.
src/services/PaymentMethodService.ts(129,21): error TS2339: Property 'forEach' does not exist on type 'QuerySnapshot'.
src/services/PaymentMethodService.ts(129,29): error TS7006: Parameter 'doc' implicitly has an 'any' type.
src/services/PaymentService.ts(209,16): error TS2393: Duplicate function implementation.
src/services/PaymentService.ts(211,5): error TS6133: 'cardDetails' is declared but its value is never read.
src/services/PaymentService.ts(881,16): error TS2393: Duplicate function implementation.
src/services/PermissionsService.ts(142,14): error TS18048: 'userData' is possibly 'undefined'.
src/services/PermissionsService.ts(168,25): error TS18048: 'userData' is possibly 'undefined'.
src/services/PermissionsService.ts(177,23): error TS2352: Conversion of type 'DocumentData | undefined' to type 'Permission[]' may be a mistake because neither type sufficiently overlaps with the other. If this was intentional, convert the expression to 'unknown' first.
  Type 'DocumentData' is missing the following properties from type 'Permission[]': length, pop, push, concat, and 35 more.
src/services/PermissionsService.ts(321,25): error TS18048: 'userData' is possibly 'undefined'.
src/services/PermissionsService.ts(373,14): error TS18048: 'permissionsData' is possibly 'undefined'.
src/services/PermissionsService.ts(441,31): error TS18048: 'permissionsData' is possibly 'undefined'.
src/services/PermissionsService.ts(491,12): error TS2532: Object is possibly 'undefined'.
src/services/PermissionsService.ts(536,34): error TS2532: Object is possibly 'undefined'.
src/services/PermissionsService.ts(581,20): error TS2532: Object is possibly 'undefined'.
src/services/ProductService.ts(427,45): error TS2304: Cannot find name 'ProductStats'.
src/services/ProductService.ts(474,69): error TS2304: Cannot find name 'ProductStats'.
src/services/PushNotificationService.ts(81,22): error TS2339: Property 'delete' does not exist on type 'DocumentReference'.
src/services/PushNotificationService.ts(104,7): error TS2322: Type 'string | number | boolean | Date | DocumentData | DocumentData[] | (string | number | boolean | null)[] | FieldValue | null | undefined' is not assignable to type 'string | null'.
  Type 'undefined' is not assignable to type 'string | null'.
src/services/PushNotificationService.ts(104,14): error TS2532: Object is possibly 'undefined'.
src/services/PushNotificationService.ts(172,9): error TS2322: Type 'NotificationTriggerInput | undefined' is not assignable to type 'NotificationTriggerInput'.
  Type 'undefined' is not assignable to type 'NotificationTriggerInput'.
src/services/RecommendationService.ts(198,18): error TS6133: 'category' is declared but its value is never read.
src/services/RecommendationService.ts(202,77): error TS18004: No value exists in scope for the shorthand property 'categoria'. Either declare one or provide an initializer.
src/services/ReportService.ts(1,1): error TS6133: 'Product' is declared but its value is never read.
src/services/ReportService.ts(32,11): error TS6133: 'productService' is declared but its value is never read.
src/services/ReportService.ts(80,31): error TS6133: 'period' is declared but its value is never read.
src/services/ReportService.ts(144,35): error TS6133: 'period' is declared but its value is never read.
src/services/ReportService.ts(160,40): error TS6133: 'period' is declared but its value is never read.
src/services/ReviewService.ts(13,3): error TS2305: Module '"firebase/firestore"' has no exported member 'startAfter'.
src/services/ReviewService.ts(15,3): error TS2305: Module '"firebase/firestore"' has no exported member 'increment'.
src/services/ReviewService.ts(45,32): error TS2339: Property 'fromDate' does not exist on type 'typeof Timestamp'.
src/services/SecurityService.ts(6,1): error TS6133: 'auth' is declared but its value is never read.
src/services/SecurityService.ts(38,27): error TS6133: 'SESSION_TIMEOUT_KEY' is declared but its value is never read.
src/services/SecurityService.ts(177,11): error TS2531: Object is possibly 'null'.
src/services/SecurityService.ts(178,26): error TS2531: Object is possibly 'null'.
src/services/SecurityService.ts(179,42): error TS2531: Object is possibly 'null'.
src/services/SecurityService.ts(193,11): error TS2531: Object is possibly 'null'.
src/services/SecurityService.ts(194,11): error TS2531: Object is possibly 'null'.
src/services/SecurityService.ts(198,9): error TS2531: Object is possibly 'null'.
src/services/SecurityService.ts(201,7): error TS2531: Object is possibly 'null'.
src/services/SecurityService.ts(204,11): error TS2531: Object is possibly 'null'.
src/services/SecurityService.ts(205,9): error TS2531: Object is possibly 'null'.
src/services/SecurityService.ts(206,9): error TS2531: Object is possibly 'null'.
src/services/SecurityService.ts(213,25): error TS2531: Object is possibly 'null'.
src/services/SecurityService.ts(223,15): error TS2531: Object is possibly 'null'.
src/services/SocialService.ts(1,17): error TS6133: 'Platform' is declared but its value is never read.
src/services/TwoFactorAuthService.ts(11,3): error TS6133: 'FieldValue' is declared but its value is never read.
src/services/TwoFactorAuthService.ts(286,44): error TS2554: Expected 0 arguments, but got 2.
src/services/TwoFactorAuthService.ts(391,31): error TS2352: Conversion of type 'string | number | boolean | Date | DocumentData | DocumentData[] | (string | number | boolean | null)[] | FieldValue | null | undefined' to type 'Timestamp' may be a mistake because neither type sufficiently overlaps with the other. If this was intentional, convert the expression to 'unknown' first.
  Type 'FieldValue' is missing the following properties from type 'Timestamp': seconds, nanoseconds, toDate
src/services/UserProfileService.ts(7,3): error TS6133: 'setDoc' is declared but its value is never read.
src/services/UserProfileService.ts(81,24): error TS2352: Conversion of type 'DocumentData | undefined' to type 'User' may be a mistake because neither type sufficiently overlaps with the other. If this was intentional, convert the expression to 'unknown' first.
  Type 'DocumentData' is missing the following properties from type 'User': id, nome, email
src/services/UserProfileService.ts(114,13): error TS7053: Element implicitly has an 'any' type because expression of type 'string' can't be used to index type 'ProfileUpdateData'.
  No index signature with a parameter of type 'string' was found on type 'ProfileUpdateData'.
src/services/UserProfileService.ts(115,18): error TS7053: Element implicitly has an 'any' type because expression of type 'string' can't be used to index type 'ProfileUpdateData'.
  No index signature with a parameter of type 'string' was found on type 'ProfileUpdateData'.
src/services/UserProfileService.ts(125,32): error TS2345: Argument of type '{ dataAtualizacao: FieldValue; nome?: string; telefone?: string; cpf?: string; endereco?: Address[]; perfil?: { fotoPerfil?: string; notificacoes?: { email?: boolean; push?: boolean; sms?: boolean; }; preferencias?: { tema?: "claro" | "escuro" | "sistema"; linguagem?: string; }; }; }' is not assignable to parameter of type 'Partial<DocumentData>'.
  Property 'endereco' is incompatible with index signature.
    Type 'Address[]' is not assignable to type 'string | number | boolean | Date | DocumentData | DocumentData[] | (string | number | boolean | null)[] | FieldValue | null | undefined'.
      Type 'Address[]' is not assignable to type 'DocumentData[]'.
        Type 'Address' is not assignable to type 'DocumentData'.
          Index signature for type 'string' is missing in type 'Address'.
src/utils/validationSchemas.ts(120,5): error TS2322: Type 'boolean | PromiseLike<any>' is not assignable to type 'boolean'.
  Type 'PromiseLike<any>' is not assignable to type 'boolean'.
src/utils/validationSchemas.ts(135,5): error TS2322: Type 'boolean | PromiseLike<any>' is not assignable to type 'boolean'.
  Type 'PromiseLike<any>' is not assignable to type 'boolean'.
